Archive member included to satisfy reference by file (symbol)

c:/st/stm32cubeide_1.4.0/stm32cubeide/plugins/com.st.stm32cube.ide.mcu.externaltools.gnu-tools-for-stm32.7-2018-q2-update.win32_1.4.0.202007081208/tools/bin/../lib/gcc/arm-none-eabi/7.3.1/../../../../arm-none-eabi/lib/thumb/v7e-m/fpv4-sp/hard\libc_nano.a(lib_a-errno.o)
                              Core/Src/syscalls.o (__errno)
c:/st/stm32cubeide_1.4.0/stm32cubeide/plugins/com.st.stm32cube.ide.mcu.externaltools.gnu-tools-for-stm32.7-2018-q2-update.win32_1.4.0.202007081208/tools/bin/../lib/gcc/arm-none-eabi/7.3.1/../../../../arm-none-eabi/lib/thumb/v7e-m/fpv4-sp/hard\libc_nano.a(lib_a-exit.o)
                              c:/st/stm32cubeide_1.4.0/stm32cubeide/plugins/com.st.stm32cube.ide.mcu.externaltools.gnu-tools-for-stm32.7-2018-q2-update.win32_1.4.0.202007081208/tools/bin/../lib/gcc/arm-none-eabi/7.3.1/../../../../arm-none-eabi/lib/thumb/v7e-m/fpv4-sp/hard/crt0.o (exit)
c:/st/stm32cubeide_1.4.0/stm32cubeide/plugins/com.st.stm32cube.ide.mcu.externaltools.gnu-tools-for-stm32.7-2018-q2-update.win32_1.4.0.202007081208/tools/bin/../lib/gcc/arm-none-eabi/7.3.1/../../../../arm-none-eabi/lib/thumb/v7e-m/fpv4-sp/hard\libc_nano.a(lib_a-impure.o)
                              c:/st/stm32cubeide_1.4.0/stm32cubeide/plugins/com.st.stm32cube.ide.mcu.externaltools.gnu-tools-for-stm32.7-2018-q2-update.win32_1.4.0.202007081208/tools/bin/../lib/gcc/arm-none-eabi/7.3.1/../../../../arm-none-eabi/lib/thumb/v7e-m/fpv4-sp/hard\libc_nano.a(lib_a-exit.o) (_global_impure_ptr)
c:/st/stm32cubeide_1.4.0/stm32cubeide/plugins/com.st.stm32cube.ide.mcu.externaltools.gnu-tools-for-stm32.7-2018-q2-update.win32_1.4.0.202007081208/tools/bin/../lib/gcc/arm-none-eabi/7.3.1/../../../../arm-none-eabi/lib/thumb/v7e-m/fpv4-sp/hard\libc_nano.a(lib_a-init.o)
                              c:/st/stm32cubeide_1.4.0/stm32cubeide/plugins/com.st.stm32cube.ide.mcu.externaltools.gnu-tools-for-stm32.7-2018-q2-update.win32_1.4.0.202007081208/tools/bin/../lib/gcc/arm-none-eabi/7.3.1/../../../../arm-none-eabi/lib/thumb/v7e-m/fpv4-sp/hard/crt0.o (__libc_init_array)
c:/st/stm32cubeide_1.4.0/stm32cubeide/plugins/com.st.stm32cube.ide.mcu.externaltools.gnu-tools-for-stm32.7-2018-q2-update.win32_1.4.0.202007081208/tools/bin/../lib/gcc/arm-none-eabi/7.3.1/../../../../arm-none-eabi/lib/thumb/v7e-m/fpv4-sp/hard\libc_nano.a(lib_a-memset.o)
                              c:/st/stm32cubeide_1.4.0/stm32cubeide/plugins/com.st.stm32cube.ide.mcu.externaltools.gnu-tools-for-stm32.7-2018-q2-update.win32_1.4.0.202007081208/tools/bin/../lib/gcc/arm-none-eabi/7.3.1/../../../../arm-none-eabi/lib/thumb/v7e-m/fpv4-sp/hard/crt0.o (memset)
c:/st/stm32cubeide_1.4.0/stm32cubeide/plugins/com.st.stm32cube.ide.mcu.externaltools.gnu-tools-for-stm32.7-2018-q2-update.win32_1.4.0.202007081208/tools/bin/../lib/gcc/arm-none-eabi/7.3.1/../../../../arm-none-eabi/lib/thumb/v7e-m/fpv4-sp/hard\libc_nano.a(lib_a-puts.o)
                              Core/Src/main.o (puts)
c:/st/stm32cubeide_1.4.0/stm32cubeide/plugins/com.st.stm32cube.ide.mcu.externaltools.gnu-tools-for-stm32.7-2018-q2-update.win32_1.4.0.202007081208/tools/bin/../lib/gcc/arm-none-eabi/7.3.1/../../../../arm-none-eabi/lib/thumb/v7e-m/fpv4-sp/hard\libc_nano.a(lib_a-wbuf.o)
                              c:/st/stm32cubeide_1.4.0/stm32cubeide/plugins/com.st.stm32cube.ide.mcu.externaltools.gnu-tools-for-stm32.7-2018-q2-update.win32_1.4.0.202007081208/tools/bin/../lib/gcc/arm-none-eabi/7.3.1/../../../../arm-none-eabi/lib/thumb/v7e-m/fpv4-sp/hard\libc_nano.a(lib_a-puts.o) (__swbuf_r)
c:/st/stm32cubeide_1.4.0/stm32cubeide/plugins/com.st.stm32cube.ide.mcu.externaltools.gnu-tools-for-stm32.7-2018-q2-update.win32_1.4.0.202007081208/tools/bin/../lib/gcc/arm-none-eabi/7.3.1/../../../../arm-none-eabi/lib/thumb/v7e-m/fpv4-sp/hard\libc_nano.a(lib_a-wsetup.o)
                              c:/st/stm32cubeide_1.4.0/stm32cubeide/plugins/com.st.stm32cube.ide.mcu.externaltools.gnu-tools-for-stm32.7-2018-q2-update.win32_1.4.0.202007081208/tools/bin/../lib/gcc/arm-none-eabi/7.3.1/../../../../arm-none-eabi/lib/thumb/v7e-m/fpv4-sp/hard\libc_nano.a(lib_a-puts.o) (__swsetup_r)
c:/st/stm32cubeide_1.4.0/stm32cubeide/plugins/com.st.stm32cube.ide.mcu.externaltools.gnu-tools-for-stm32.7-2018-q2-update.win32_1.4.0.202007081208/tools/bin/../lib/gcc/arm-none-eabi/7.3.1/../../../../arm-none-eabi/lib/thumb/v7e-m/fpv4-sp/hard\libc_nano.a(lib_a-fflush.o)
                              c:/st/stm32cubeide_1.4.0/stm32cubeide/plugins/com.st.stm32cube.ide.mcu.externaltools.gnu-tools-for-stm32.7-2018-q2-update.win32_1.4.0.202007081208/tools/bin/../lib/gcc/arm-none-eabi/7.3.1/../../../../arm-none-eabi/lib/thumb/v7e-m/fpv4-sp/hard\libc_nano.a(lib_a-wbuf.o) (_fflush_r)
[...]
Memory Configuration

Name             Origin             Length             Attributes
CCMRAM           0x0000000010000000 0x0000000000010000 xrw
RAM              0x0000000020000000 0x0000000000030000 xrw
FLASH            0x0000000008004000 0x0000000000008000 xr
*default*        0x0000000000000000 0xffffffffffffffff

Linker script and memory map

LOAD c:/st/stm32cubeide_1.4.0/stm32cubeide/plugins/com.st.stm32cube.ide.mcu.externaltools.gnu-tools-for-stm32.7-2018-q2-update.win32_1.4.0.202007081208/tools/bin/../lib/gcc/arm-none-eabi/7.3.1/thumb/v7e-m/fpv4-sp/hard/crti.o
LOAD c:/st/stm32cubeide_1.4.0/stm32cubeide/plugins/com.st.stm32cube.ide.mcu.externaltools.gnu-tools-for-stm32.7-2018-q2-update.win32_1.4.0.202007081208/tools/bin/../lib/gcc/arm-none-eabi/7.3.1/thumb/v7e-m/fpv4-sp/hard/crtbegin.o
LOAD c:/st/stm32cubeide_1.4.0/stm32cubeide/plugins/com.st.stm32cube.ide.mcu.externaltools.gnu-tools-for-stm32.7-2018-q2-update.win32_1.4.0.202007081208/tools/bin/../lib/gcc/arm-none-eabi/7.3.1/../../../../arm-none-eabi/lib/thumb/v7e-m/fpv4-sp/hard/crt0.o
LOAD Core/Src/main.o
LOAD Core/Src/ota_update.o
LOAD Core/Src/stm32f4xx_hal_msp.o
LOAD Core/Src/stm32f4xx_it.o
LOAD Core/Src/syscalls.o
LOAD Core/Src/sysmem.o
LOAD Core/Src/system_stm32f4xx.o
LOAD Core/Startup/startup_stm32f429zitx.o
LOAD Drivers/STM32F4xx_HAL_Driver/Src/stm32f4xx_hal.o
LOAD Drivers/STM32F4xx_HAL_Driver/Src/stm32f4xx_hal_can.o
LOAD Drivers/STM32F4xx_HAL_Driver/Src/stm32f4xx_hal_cortex.o
LOAD Drivers/STM32F4xx_HAL_Driver/Src/stm32f4xx_hal_dma.o
LOAD Drivers/STM32F4xx_HAL_Driver/Src/stm32f4xx_hal_dma_ex.o
LOAD Drivers/STM32F4xx_HAL_Driver/Src/stm32f4xx_hal_exti.o
LOAD Drivers/STM32F4xx_HAL_Driver/Src/stm32f4xx_hal_flash.o
LOAD Drivers/STM32F4xx_HAL_Driver/Src/stm32f4xx_hal_flash_ex.o
LOAD Drivers/STM32F4xx_HAL_Driver/Src/stm32f4xx_hal_flash_ramfunc.o
LOAD Drivers/STM32F4xx_HAL_Driver/Src/stm32f4xx_hal_gpio.o
LOAD Drivers/STM32F4xx_HAL_Driver/Src/stm32f4xx_hal_pwr.o
LOAD Drivers/STM32F4xx_HAL_Driver/Src/stm32f4xx_hal_pwr_ex.o
LOAD Drivers/STM32F4xx_HAL_Driver/Src/stm32f4xx_hal_rcc.o
LOAD Drivers/STM32F4xx_HAL_Driver/Src/stm32f4xx_hal_rcc_ex.o
LOAD Drivers/STM32F4xx_HAL_Driver/Src/stm32f4xx_hal_rtc.o
LOAD Drivers/STM32F4xx_HAL_Driver/Src/stm32f4xx_hal_rtc_ex.o
LOAD Drivers/STM32F4xx_HAL_Driver/Src/stm32f4xx_hal_uart.o
START GROUP
LOAD c:/st/stm32cubeide_1.4.0/stm32cubeide/plugins/com.st.stm32cube.ide.mcu.externaltools.gnu-tools-for-stm32.7-2018-q2-update.win32_1.4.0.202007081208/tools/bin/../lib/gcc/arm-none-eabi/7.3.1/../../../../arm-none-eabi/lib/thumb/v7e-m/fpv4-sp/hard\libc_nano.a
LOAD c:/st/stm32cubeide_1.4.0/stm32cubeide/plugins/com.st.stm32cube.ide.mcu.externaltools.gnu-tools-for-stm32.7-2018-q2-update.win32_1.4.0.202007081208/tools/bin/../lib/gcc/arm-none-eabi/7.3.1/../../../../arm-none-eabi/lib/thumb/v7e-m/fpv4-sp/hard\libm.a
END GROUP
START GROUP
LOAD c:/st/stm32cubeide_1.4.0/stm32cubeide/plugins/com.st.stm32cube.ide.mcu.externaltools.gnu-tools-for-stm32.7-2018-q2-update.win32_1.4.0.202007081208/tools/bin/../lib/gcc/arm-none-eabi/7.3.1/thumb/v7e-m/fpv4-sp/hard\libgcc.a
LOAD c:/st/stm32cubeide_1.4.0/stm32cubeide/plugins/com.st.stm32cube.ide.mcu.externaltools.gnu-tools-for-stm32.7-2018-q2-update.win32_1.4.0.202007081208/tools/bin/../lib/gcc/arm-none-eabi/7.3.1/../../../../arm-none-eabi/lib/thumb/v7e-m/fpv4-sp/hard\libc_nano.a
END GROUP
START GROUP
LOAD c:/st/stm32cubeide_1.4.0/stm32cubeide/plugins/com.st.stm32cube.ide.mcu.externaltools.gnu-tools-for-stm32.7-2018-q2-update.win32_1.4.0.202007081208/tools/bin/../lib/gcc/arm-none-eabi/7.3.1/thumb/v7e-m/fpv4-sp/hard\libgcc.a
LOAD c:/st/stm32cubeide_1.4.0/stm32cubeide/plugins/com.st.stm32cube.ide.mcu.externaltools.gnu-tools-for-stm32.7-2018-q2-update.win32_1.4.0.202007081208/tools/bin/../lib/gcc/arm-none-eabi/7.3.1/../../../../arm-none-eabi/lib/thumb/v7e-m/fpv4-sp/hard\libc_nano.a
LOAD c:/st/stm32cubeide_1.4.0/stm32cubeide/plugins/com.st.stm32cube.ide.mcu.externaltools.gnu-tools-for-stm32.7-2018-q2-update.win32_1.4.0.202007081208/tools/bin/../lib/gcc/arm-none-eabi/7.3.1/../../../../arm-none-eabi/lib/thumb/v7e-m/fpv4-sp/hard\libnosys.a
END GROUP
START GROUP
LOAD c:/st/stm32cubeide_1.4.0/stm32cubeide/plugins/com.st.stm32cube.ide.mcu.externaltools.gnu-tools-for-stm32.7-2018-q2-update.win32_1.4.0.202007081208/tools/bin/../lib/gcc/arm-none-eabi/7.3.1/thumb/v7e-m/fpv4-sp/hard\libgcc.a
LOAD c:/st/stm32cubeide_1.4.0/stm32cubeide/plugins/com.st.stm32cube.ide.mcu.externaltools.gnu-tools-for-stm32.7-2018-q2-update.win32_1.4.0.202007081208/tools/bin/../lib/gcc/arm-none-eabi/7.3.1/../../../../arm-none-eabi/lib/thumb/v7e-m/fpv4-sp/hard\libc_nano.a
LOAD c:/st/stm32cubeide_1.4.0/stm32cubeide/plugins/com.st.stm32cube.ide.mcu.externaltools.gnu-tools-for-stm32.7-2018-q2-update.win32_1.4.0.202007081208/tools/bin/../lib/gcc/arm-none-eabi/7.3.1/../../../../arm-none-eabi/lib/thumb/v7e-m/fpv4-sp/hard\libnosys.a
END GROUP
LOAD c:/st/stm32cubeide_1.4.0/stm32cubeide/plugins/com.st.stm32cube.ide.mcu.externaltools.gnu-tools-for-stm32.7-2018-q2-update.win32_1.4.0.202007081208/tools/bin/../lib/gcc/arm-none-eabi/7.3.1/thumb/v7e-m/fpv4-sp/hard/crtend.o
LOAD c:/st/stm32cubeide_1.4.0/stm32cubeide/plugins/com.st.stm32cube.ide.mcu.externaltools.gnu-tools-for-stm32.7-2018-q2-update.win32_1.4.0.202007081208/tools/bin/../lib/gcc/arm-none-eabi/7.3.1/thumb/v7e-m/fpv4-sp/hard/crtn.o
                0x0000000020030000                _estack = (ORIGIN (RAM) + LENGTH (RAM))
                0x0000000000000200                _Min_Heap_Size = 0x200
                0x0000000000000400                _Min_Stack_Size = 0x400

.isr_vector     0x0000000008004000      0x1ac
                0x0000000008004000                . = ALIGN (0x4)
 *(.isr_vector)
 .isr_vector    0x0000000008004000      0x1ac Core/Startup/startup_stm32f429zitx.o
                0x0000000008004000                g_pfnVectors
                0x00000000080041ac                . = ALIGN (0x4)

.text           0x00000000080041ac     0x47bc
                0x00000000080041ac                . = ALIGN (0x4)
 *(.text)
 .text          0x00000000080041ac       0x40 c:/st/stm32cubeide_1.4.0/stm32cubeide/plugins/com.st.stm32cube.ide.mcu.externaltools.gnu-tools-for-stm32.7-2018-q2-update.win32_1.4.0.202007081208/tools/bin/../lib/gcc/arm-none-eabi/7.3.1/thumb/v7e-m/fpv4-sp/hard/crtbegin.o
 .text          0x00000000080041ec       0x30 c:/st/stm32cubeide_1.4.0/stm32cubeide/plugins/com.st.stm32cube.ide.mcu.externaltools.gnu-tools-for-stm32.7-2018-q2-update.win32_1.4.0.202007081208/tools/bin/../lib/gcc/arm-none-eabi/7.3.1/thumb/v7e-m/fpv4-sp/hard\libgcc.a(_aeabi_uldivmod.o)
                0x00000000080041ec                __aeabi_uldivmod
 .text          0x000000000800421c      0x2cc c:/st/stm32cubeide_1.4.0/stm32cubeide/plugins/com.st.stm32cube.ide.mcu.externaltools.gnu-tools-for-stm32.7-2018-q2-update.win32_1.4.0.202007081208/tools/bin/../lib/gcc/arm-none-eabi/7.3.1/thumb/v7e-m/fpv4-sp/hard\libgcc.a(_udivmoddi4.o)
                0x000000000800421c                __udivmoddi4
 .text          0x00000000080044e8        0x4 c:/st/stm32cubeide_1.4.0/stm32cubeide/plugins/com.st.stm32cube.ide.mcu.externaltools.gnu-tools-for-stm32.7-2018-q2-update.win32_1.4.0.202007081208/tools/bin/../lib/gcc/arm-none-eabi/7.3.1/thumb/v7e-m/fpv4-sp/hard\libgcc.a(_dvmd_tls.o)
                0x00000000080044e8                __aeabi_idiv0
                0x00000000080044e8                __aeabi_ldiv0
 *(.text*)
 .text.main     0x00000000080044ec       0xa8 Core/Src/main.o
                0x00000000080044ec                main
 .text.SystemClock_Config
                0x0000000008004594       0xe4 Core/Src/main.o
                0x0000000008004594                SystemClock_Config
 .text.MX_CAN1_Init
                0x0000000008004678       0xa4 Core/Src/main.o
 .text.MX_RTC_Init
                0x000000000800471c       0x4c Core/Src/main.o
 .text.MX_USART1_UART_Init
                0x0000000008004768       0x54 Core/Src/main.o
 .text.MX_GPIO_Init
                0x00000000080047bc       0x88 Core/Src/main.o
 .text.__io_putchar
                0x0000000008004844       0x24 Core/Src/main.o
                0x0000000008004844                __io_putchar
 .text.Error_Handler
                0x0000000008004868        0x8 Core/Src/main.o
                0x0000000008004868                Error_Handler
 .text.toggleBankAndReset
                0x0000000008004870       0x84 Core/Src/ota_update.o
                0x0000000008004870                toggleBankAndReset
 .text.get_Active_Bank_no
                0x00000000080048f4       0x3c Core/Src/ota_update.o
                0x00000000080048f4                get_Active_Bank_no
 .text.bootloader_handle_gethelp_cmd
                0x0000000008004930       0x4c Core/Src/ota_update.o
                0x0000000008004930                bootloader_handle_gethelp_cmd
 .text.bootloader_handle_getver_cmd
                0x000000000800497c       0x34 Core/Src/ota_update.o
                0x000000000800497c                bootloader_handle_getver_cmd
 .text.bootloader_handle_go_cmd
                0x00000000080049b0       0x6c Core/Src/ota_update.o
                0x00000000080049b0                bootloader_handle_go_cmd
 .text.bootloader_handle_flash_erase_cmd
                0x0000000008004a1c       0x64 Core/Src/ota_update.o
                0x0000000008004a1c                bootloader_handle_flash_erase_cmd
 .text.bootloader_handle_mem_write_size_cmd
                0x0000000008004a80       0x28 Core/Src/ota_update.o
                0x0000000008004a80                bootloader_handle_mem_write_size_cmd
 .text.bootloader_handle_mem_write_address_cmd
                0x0000000008004aa8       0x28 Core/Src/ota_update.o
                0x0000000008004aa8                bootloader_handle_mem_write_address_cmd
 .text.bootloader_handle_mem_write_data_cmd
                0x0000000008004ad0       0x64 Core/Src/ota_update.o
                0x0000000008004ad0                bootloader_handle_mem_write_data_cmd
 .text.bootloader_can_read_data
                0x0000000008004b34       0x6c Core/Src/ota_update.o
                0x0000000008004b34                bootloader_can_read_data
 .text.bootloader_can_write_data
                0x0000000008004ba0       0x54 Core/Src/ota_update.o
                0x0000000008004ba0                bootloader_can_write_data
 .text.get_app_version
                0x0000000008004bf4       0x10 Core/Src/ota_update.o
                0x0000000008004bf4                get_app_version
 .text.verify_address
                0x0000000008004c04       0x88 Core/Src/ota_update.o
                0x0000000008004c04                verify_address
 .text.execute_flash_erase
                0x0000000008004c8c       0x90 Core/Src/ota_update.o
                0x0000000008004c8c                execute_flash_erase
 .text.execute_mem_write
                0x0000000008004d1c       0x6c Core/Src/ota_update.o
                0x0000000008004d1c                execute_mem_write
 .text.UpdateAPP
                0x0000000008004d88      0x108 Core/Src/ota_update.o
                0x0000000008004d88                UpdateAPP
 .text.HAL_MspInit
                0x0000000008004e90       0x50 Core/Src/stm32f4xx_hal_msp.o
                0x0000000008004e90                HAL_MspInit
 .text.HAL_CAN_MspInit
                0x0000000008004ee0       0x90 Core/Src/stm32f4xx_hal_msp.o
                0x0000000008004ee0                HAL_CAN_MspInit
 .text.HAL_RTC_MspInit
                0x0000000008004f70       0x54 Core/Src/stm32f4xx_hal_msp.o
                0x0000000008004f70                HAL_RTC_MspInit
 .text.HAL_UART_MspInit
                0x0000000008004fc4       0x90 Core/Src/stm32f4xx_hal_msp.o
                0x0000000008004fc4                HAL_UART_MspInit
 .text.NMI_Handler
                0x0000000008005054        0x6 Core/Src/stm32f4xx_it.o
                0x0000000008005054                NMI_Handler
 .text.HardFault_Handler
                0x000000000800505a        0x6 Core/Src/stm32f4xx_it.o
                0x000000000800505a                HardFault_Handler
 .text.MemManage_Handler
                0x0000000008005060        0x6 Core/Src/stm32f4xx_it.o
                0x0000000008005060                MemManage_Handler
 .text.BusFault_Handler
                0x0000000008005066        0x6 Core/Src/stm32f4xx_it.o
                0x0000000008005066                BusFault_Handler
 .text.UsageFault_Handler
                0x000000000800506c        0x6 Core/Src/stm32f4xx_it.o
                0x000000000800506c                UsageFault_Handler
 .text.SVC_Handler
                0x0000000008005072        0xe Core/Src/stm32f4xx_it.o
                0x0000000008005072                SVC_Handler
 .text.DebugMon_Handler
                0x0000000008005080        0xe Core/Src/stm32f4xx_it.o
                0x0000000008005080                DebugMon_Handler
 .text.PendSV_Handler
                0x000000000800508e        0xe Core/Src/stm32f4xx_it.o
                0x000000000800508e                PendSV_Handler
 .text.SysTick_Handler
                0x000000000800509c        0xc Core/Src/stm32f4xx_it.o
                0x000000000800509c                SysTick_Handler
 .text._read    0x00000000080050a8       0x3a Core/Src/syscalls.o
                0x00000000080050a8                _read
 .text._write   0x00000000080050e2       0x38 Core/Src/syscalls.o
                0x00000000080050e2                _write
 .text._close   0x000000000800511a       0x18 Core/Src/syscalls.o
                0x000000000800511a                _close
 .text._fstat   0x0000000008005132       0x20 Core/Src/syscalls.o
                0x0000000008005132                _fstat
 .text._isatty  0x0000000008005152       0x16 Core/Src/syscalls.o
                0x0000000008005152                _isatty
 .text._lseek   0x0000000008005168       0x1a Core/Src/syscalls.o
                0x0000000008005168                _lseek
 *fill*         0x0000000008005182        0x2 
 .text._sbrk    0x0000000008005184       0x6c Core/Src/sysmem.o
                0x0000000008005184                _sbrk
 .text.SystemInit
                0x00000000080051f0       0x2c Core/Src/system_stm32f4xx.o
                0x00000000080051f0                SystemInit
 .text.Reset_Handler
                0x000000000800521c       0x50 Core/Startup/startup_stm32f429zitx.o
                0x000000000800521c                Reset_Handler
 .text.Default_Handler
                0x000000000800526c        0x2 Core/Startup/startup_stm32f429zitx.o
                0x000000000800526c                RTC_Alarm_IRQHandler
                0x000000000800526c                HASH_RNG_IRQHandler
                0x000000000800526c                EXTI2_IRQHandler
                0x000000000800526c                TIM8_CC_IRQHandler
                0x000000000800526c                UART8_IRQHandler
                0x000000000800526c                SPI4_IRQHandler
                0x000000000800526c                TIM1_CC_IRQHandler
                0x000000000800526c                DMA2_Stream5_IRQHandler
                0x000000000800526c                DMA1_Stream5_IRQHandler
                0x000000000800526c                PVD_IRQHandler
                0x000000000800526c                SDIO_IRQHandler
                0x000000000800526c                TAMP_STAMP_IRQHandler
                0x000000000800526c                CAN2_RX1_IRQHandler
                0x000000000800526c                EXTI3_IRQHandler
                0x000000000800526c                TIM8_TRG_COM_TIM14_IRQHandler
                0x000000000800526c                TIM1_UP_TIM10_IRQHandler
                0x000000000800526c                TIM8_UP_TIM13_IRQHandler
                0x000000000800526c                I2C3_ER_IRQHandler
                0x000000000800526c                EXTI0_IRQHandler
                0x000000000800526c                I2C2_EV_IRQHandler
                0x000000000800526c                DMA1_Stream2_IRQHandler
                0x000000000800526c                CAN1_RX0_IRQHandler
                0x000000000800526c                FPU_IRQHandler
                0x000000000800526c                OTG_HS_WKUP_IRQHandler
                0x000000000800526c                LTDC_ER_IRQHandler
                0x000000000800526c                CAN2_SCE_IRQHandler
                0x000000000800526c                DMA2_Stream2_IRQHandler
                0x000000000800526c                SPI1_IRQHandler
                0x000000000800526c                TIM6_DAC_IRQHandler
                0x000000000800526c                TIM1_BRK_TIM9_IRQHandler
                0x000000000800526c                DCMI_IRQHandler
                0x000000000800526c                CAN2_RX0_IRQHandler
                0x000000000800526c                DMA2_Stream3_IRQHandler
                0x000000000800526c                USART6_IRQHandler
                0x000000000800526c                USART3_IRQHandler
                0x000000000800526c                CAN1_RX1_IRQHandler
                0x000000000800526c                UART5_IRQHandler
                0x000000000800526c                DMA2_Stream0_IRQHandler
                0x000000000800526c                TIM4_IRQHandler
                0x000000000800526c                I2C1_EV_IRQHandler
                0x000000000800526c                DMA1_Stream6_IRQHandler
                0x000000000800526c                DMA1_Stream1_IRQHandler
                0x000000000800526c                UART4_IRQHandler
                0x000000000800526c                TIM3_IRQHandler
                0x000000000800526c                RCC_IRQHandler
                0x000000000800526c                TIM8_BRK_TIM12_IRQHandler
                0x000000000800526c                Default_Handler
                0x000000000800526c                EXTI15_10_IRQHandler
                0x000000000800526c                ADC_IRQHandler
                0x000000000800526c                DMA1_Stream7_IRQHandler
                0x000000000800526c                SPI5_IRQHandler
                0x000000000800526c                TIM7_IRQHandler
                0x000000000800526c                CAN2_TX_IRQHandler
                0x000000000800526c                TIM5_IRQHandler
                0x000000000800526c                DMA2_Stream7_IRQHandler
                0x000000000800526c                I2C3_EV_IRQHandler
                0x000000000800526c                EXTI9_5_IRQHandler
                0x000000000800526c                RTC_WKUP_IRQHandler
                0x000000000800526c                LTDC_IRQHandler
                0x000000000800526c                ETH_WKUP_IRQHandler
                0x000000000800526c                SPI2_IRQHandler
                0x000000000800526c                OTG_HS_EP1_IN_IRQHandler
                0x000000000800526c                DMA1_Stream0_IRQHandler
                0x000000000800526c                CAN1_TX_IRQHandler
                0x000000000800526c                EXTI4_IRQHandler
                0x000000000800526c                ETH_IRQHandler
                0x000000000800526c                OTG_HS_EP1_OUT_IRQHandler
                0x000000000800526c                WWDG_IRQHandler
                0x000000000800526c                SPI6_IRQHandler
                0x000000000800526c                TIM2_IRQHandler
                0x000000000800526c                OTG_FS_WKUP_IRQHandler
                0x000000000800526c                TIM1_TRG_COM_TIM11_IRQHandler
                0x000000000800526c                OTG_HS_IRQHandler
                0x000000000800526c                DMA2D_IRQHandler
                0x000000000800526c                EXTI1_IRQHandler
                0x000000000800526c                UART7_IRQHandler
                0x000000000800526c                USART2_IRQHandler
                0x000000000800526c                I2C2_ER_IRQHandler
                0x000000000800526c                DMA2_Stream1_IRQHandler
                0x000000000800526c                CAN1_SCE_IRQHandler
                0x000000000800526c                FLASH_IRQHandler
                0x000000000800526c                DMA2_Stream4_IRQHandler
                0x000000000800526c                USART1_IRQHandler
                0x000000000800526c                OTG_FS_IRQHandler
                0x000000000800526c                SPI3_IRQHandler
                0x000000000800526c                DMA1_Stream4_IRQHandler
                0x000000000800526c                I2C1_ER_IRQHandler
                0x000000000800526c                FMC_IRQHandler
                0x000000000800526c                DMA2_Stream6_IRQHandler
                0x000000000800526c                SAI1_IRQHandler
                0x000000000800526c                DMA1_Stream3_IRQHandler
 *fill*         0x000000000800526e        0x2 
 .text.HAL_Init
                0x0000000008005270       0x44 Drivers/STM32F4xx_HAL_Driver/Src/stm32f4xx_hal.o
                0x0000000008005270                HAL_Init
 .text.HAL_InitTick
                0x00000000080052b4       0x60 Drivers/STM32F4xx_HAL_Driver/Src/stm32f4xx_hal.o
                0x00000000080052b4                HAL_InitTick
 .text.HAL_IncTick
                0x0000000008005314       0x28 Drivers/STM32F4xx_HAL_Driver/Src/stm32f4xx_hal.o
                0x0000000008005314                HAL_IncTick
 .text.HAL_GetTick
                0x000000000800533c       0x18 Drivers/STM32F4xx_HAL_Driver/Src/stm32f4xx_hal.o
                0x000000000800533c                HAL_GetTick
 .text.HAL_Delay
                0x0000000008005354       0x44 Drivers/STM32F4xx_HAL_Driver/Src/stm32f4xx_hal.o
                0x0000000008005354                HAL_Delay
 .text.HAL_CAN_Init
                0x0000000008005398      0x1f6 Drivers/STM32F4xx_HAL_Driver/Src/stm32f4xx_hal_can.o
                0x0000000008005398                HAL_CAN_Init
 *fill*         0x000000000800558e        0x2 
 .text.HAL_CAN_ConfigFilter
                0x0000000008005590      0x1c0 Drivers/STM32F4xx_HAL_Driver/Src/stm32f4xx_hal_can.o
                0x0000000008005590                HAL_CAN_ConfigFilter
 .text.HAL_CAN_Start
                0x0000000008005750       0x88 Drivers/STM32F4xx_HAL_Driver/Src/stm32f4xx_hal_can.o
                0x0000000008005750                HAL_CAN_Start
 .text.HAL_CAN_AddTxMessage
                0x00000000080057d8      0x1b6 Drivers/STM32F4xx_HAL_Driver/Src/stm32f4xx_hal_can.o
                0x00000000080057d8                HAL_CAN_AddTxMessage
 .text.HAL_CAN_GetRxMessage
                0x000000000800598e      0x224 Drivers/STM32F4xx_HAL_Driver/Src/stm32f4xx_hal_can.o
                0x000000000800598e                HAL_CAN_GetRxMessage
 .text.HAL_CAN_GetRxFifoFillLevel
                0x0000000008005bb2       0x50 Drivers/STM32F4xx_HAL_Driver/Src/stm32f4xx_hal_can.o
                0x0000000008005bb2                HAL_CAN_GetRxFifoFillLevel
 *fill*         0x0000000008005c02        0x2 
 .text.__NVIC_SetPriorityGrouping
                0x0000000008005c04       0x48 Drivers/STM32F4xx_HAL_Driver/Src/stm32f4xx_hal_cortex.o
 .text.__NVIC_GetPriorityGrouping
                0x0000000008005c4c       0x1c Drivers/STM32F4xx_HAL_Driver/Src/stm32f4xx_hal_cortex.o
 .text.__NVIC_SetPriority
                0x0000000008005c68       0x54 Drivers/STM32F4xx_HAL_Driver/Src/stm32f4xx_hal_cortex.o
 .text.NVIC_EncodePriority
                0x0000000008005cbc       0x66 Drivers/STM32F4xx_HAL_Driver/Src/stm32f4xx_hal_cortex.o
 *fill*         0x0000000008005d22        0x2 
 .text.__NVIC_SystemReset
                0x0000000008005d24       0x28 Drivers/STM32F4xx_HAL_Driver/Src/stm32f4xx_hal_cortex.o
 .text.SysTick_Config
                0x0000000008005d4c       0x44 Drivers/STM32F4xx_HAL_Driver/Src/stm32f4xx_hal_cortex.o
 .text.HAL_NVIC_SetPriorityGrouping
                0x0000000008005d90       0x16 Drivers/STM32F4xx_HAL_Driver/Src/stm32f4xx_hal_cortex.o
                0x0000000008005d90                HAL_NVIC_SetPriorityGrouping
 .text.HAL_NVIC_SetPriority
                0x0000000008005da6       0x38 Drivers/STM32F4xx_HAL_Driver/Src/stm32f4xx_hal_cortex.o
                0x0000000008005da6                HAL_NVIC_SetPriority
 .text.HAL_NVIC_SystemReset
                0x0000000008005dde        0x8 Drivers/STM32F4xx_HAL_Driver/Src/stm32f4xx_hal_cortex.o
                0x0000000008005dde                HAL_NVIC_SystemReset
 .text.HAL_SYSTICK_Config
                0x0000000008005de6       0x18 Drivers/STM32F4xx_HAL_Driver/Src/stm32f4xx_hal_cortex.o
                0x0000000008005de6                HAL_SYSTICK_Config
 *fill*         0x0000000008005dfe        0x2 
 .text.HAL_FLASH_Program
                0x0000000008005e00       0xa8 Drivers/STM32F4xx_HAL_Driver/Src/stm32f4xx_hal_flash.o
                0x0000000008005e00                HAL_FLASH_Program
 .text.HAL_FLASH_Unlock
                0x0000000008005ea8       0x44 Drivers/STM32F4xx_HAL_Driver/Src/stm32f4xx_hal_flash.o
                0x0000000008005ea8                HAL_FLASH_Unlock
 .text.HAL_FLASH_Lock
                0x0000000008005eec       0x20 Drivers/STM32F4xx_HAL_Driver/Src/stm32f4xx_hal_flash.o
                0x0000000008005eec                HAL_FLASH_Lock
 .text.HAL_FLASH_OB_Unlock
                0x0000000008005f0c       0x38 Drivers/STM32F4xx_HAL_Driver/Src/stm32f4xx_hal_flash.o
                0x0000000008005f0c                HAL_FLASH_OB_Unlock
 .text.HAL_FLASH_OB_Lock
                0x0000000008005f44       0x20 Drivers/STM32F4xx_HAL_Driver/Src/stm32f4xx_hal_flash.o
                0x0000000008005f44                HAL_FLASH_OB_Lock
 .text.HAL_FLASH_OB_Launch
                0x0000000008005f64       0x28 Drivers/STM32F4xx_HAL_Driver/Src/stm32f4xx_hal_flash.o
                0x0000000008005f64                HAL_FLASH_OB_Launch
 .text.FLASH_WaitForLastOperation
                0x0000000008005f8c       0x80 Drivers/STM32F4xx_HAL_Driver/Src/stm32f4xx_hal_flash.o
                0x0000000008005f8c                FLASH_WaitForLastOperation
 .text.FLASH_Program_DoubleWord
                0x000000000800600c       0x60 Drivers/STM32F4xx_HAL_Driver/Src/stm32f4xx_hal_flash.o
 .text.FLASH_Program_Word
                0x000000000800606c       0x44 Drivers/STM32F4xx_HAL_Driver/Src/stm32f4xx_hal_flash.o
 .text.FLASH_Program_HalfWord
                0x00000000080060b0       0x48 Drivers/STM32F4xx_HAL_Driver/Src/stm32f4xx_hal_flash.o
 .text.FLASH_Program_Byte
                0x00000000080060f8       0x44 Drivers/STM32F4xx_HAL_Driver/Src/stm32f4xx_hal_flash.o
 .text.FLASH_SetErrorCode
                0x000000000800613c       0xcc Drivers/STM32F4xx_HAL_Driver/Src/stm32f4xx_hal_flash.o
 .text.HAL_FLASHEx_Erase
                0x0000000008006208       0xe4 Drivers/STM32F4xx_HAL_Driver/Src/stm32f4xx_hal_flash_ex.o
                0x0000000008006208                HAL_FLASHEx_Erase
 .text.HAL_FLASHEx_AdvOBProgram
                0x00000000080062ec       0x7a Drivers/STM32F4xx_HAL_Driver/Src/stm32f4xx_hal_flash_ex.o
                0x00000000080062ec                HAL_FLASHEx_AdvOBProgram
 *fill*         0x0000000008006366        0x2 
 .text.HAL_FLASHEx_AdvOBGetConfig
                0x0000000008006368       0x40 Drivers/STM32F4xx_HAL_Driver/Src/stm32f4xx_hal_flash_ex.o
                0x0000000008006368                HAL_FLASHEx_AdvOBGetConfig
 .text.FLASH_MassErase
                0x00000000080063a8       0x74 Drivers/STM32F4xx_HAL_Driver/Src/stm32f4xx_hal_flash_ex.o
 .text.FLASH_Erase_Sector
                0x000000000800641c       0x9c Drivers/STM32F4xx_HAL_Driver/Src/stm32f4xx_hal_flash_ex.o
                0x000000000800641c                FLASH_Erase_Sector
 .text.FLASH_OB_BootConfig
                0x00000000080064b8       0x50 Drivers/STM32F4xx_HAL_Driver/Src/stm32f4xx_hal_flash_ex.o
 .text.FLASH_OB_EnablePCROP
                0x0000000008006508       0x90 Drivers/STM32F4xx_HAL_Driver/Src/stm32f4xx_hal_flash_ex.o
 .text.FLASH_OB_DisablePCROP
                0x0000000008006598       0x9c Drivers/STM32F4xx_HAL_Driver/Src/stm32f4xx_hal_flash_ex.o
 .text.FLASH_FlushCaches
                0x0000000008006634       0x8c Drivers/STM32F4xx_HAL_Driver/Src/stm32f4xx_hal_flash_ex.o
                0x0000000008006634                FLASH_FlushCaches
 .text.HAL_GPIO_Init
                0x00000000080066c0      0x354 Drivers/STM32F4xx_HAL_Driver/Src/stm32f4xx_hal_gpio.o
                0x00000000080066c0                HAL_GPIO_Init
 .text.HAL_GPIO_WritePin
                0x0000000008006a14       0x32 Drivers/STM32F4xx_HAL_Driver/Src/stm32f4xx_hal_gpio.o
                0x0000000008006a14                HAL_GPIO_WritePin
 .text.HAL_GPIO_TogglePin
                0x0000000008006a46       0x34 Drivers/STM32F4xx_HAL_Driver/Src/stm32f4xx_hal_gpio.o
                0x0000000008006a46                HAL_GPIO_TogglePin
 *fill*         0x0000000008006a7a        0x2 
 .text.HAL_PWR_EnableBkUpAccess
                0x0000000008006a7c       0x28 Drivers/STM32F4xx_HAL_Driver/Src/stm32f4xx_hal_pwr.o
                0x0000000008006a7c                HAL_PWR_EnableBkUpAccess
 .text.HAL_PWR_DisableBkUpAccess
                0x0000000008006aa4       0x28 Drivers/STM32F4xx_HAL_Driver/Src/stm32f4xx_hal_pwr.o
                0x0000000008006aa4                HAL_PWR_DisableBkUpAccess
 .text.HAL_PWREx_EnableOverDrive
                0x0000000008006acc       0xa0 Drivers/STM32F4xx_HAL_Driver/Src/stm32f4xx_hal_pwr_ex.o
                0x0000000008006acc                HAL_PWREx_EnableOverDrive
 .text.HAL_RCC_OscConfig
                0x0000000008006b6c      0x4f0 Drivers/STM32F4xx_HAL_Driver/Src/stm32f4xx_hal_rcc.o
                0x0000000008006b6c                HAL_RCC_OscConfig
 .text.HAL_RCC_ClockConfig
                0x000000000800705c      0x1cc Drivers/STM32F4xx_HAL_Driver/Src/stm32f4xx_hal_rcc.o
                0x000000000800705c                HAL_RCC_ClockConfig
 .text.HAL_RCC_GetSysClockFreq
                0x0000000008007228      0x164 Drivers/STM32F4xx_HAL_Driver/Src/stm32f4xx_hal_rcc.o
                0x0000000008007228                HAL_RCC_GetSysClockFreq
 .text.HAL_RCC_GetHCLKFreq
                0x000000000800738c       0x18 Drivers/STM32F4xx_HAL_Driver/Src/stm32f4xx_hal_rcc.o
                0x000000000800738c                HAL_RCC_GetHCLKFreq
 .text.HAL_RCC_GetPCLK1Freq
                0x00000000080073a4       0x28 Drivers/STM32F4xx_HAL_Driver/Src/stm32f4xx_hal_rcc.o
                0x00000000080073a4                HAL_RCC_GetPCLK1Freq
 .text.HAL_RCC_GetPCLK2Freq
                0x00000000080073cc       0x28 Drivers/STM32F4xx_HAL_Driver/Src/stm32f4xx_hal_rcc.o
                0x00000000080073cc                HAL_RCC_GetPCLK2Freq
 .text.HAL_RCCEx_PeriphCLKConfig
                0x00000000080073f4      0x37c Drivers/STM32F4xx_HAL_Driver/Src/stm32f4xx_hal_rcc_ex.o
                0x00000000080073f4                HAL_RCCEx_PeriphCLKConfig
 .text.HAL_RTC_Init
                0x0000000008007770       0xec Drivers/STM32F4xx_HAL_Driver/Src/stm32f4xx_hal_rtc.o
                0x0000000008007770                HAL_RTC_Init
 .text.HAL_RTC_WaitForSynchro
                0x000000000800785c       0x50 Drivers/STM32F4xx_HAL_Driver/Src/stm32f4xx_hal_rtc.o
                0x000000000800785c                HAL_RTC_WaitForSynchro
 .text.RTC_EnterInitMode
                0x00000000080078ac       0x6e Drivers/STM32F4xx_HAL_Driver/Src/stm32f4xx_hal_rtc.o
                0x00000000080078ac                RTC_EnterInitMode
 .text.RTC_ExitInitMode
                0x000000000800791a       0x4a Drivers/STM32F4xx_HAL_Driver/Src/stm32f4xx_hal_rtc.o
                0x000000000800791a                RTC_ExitInitMode
 .text.HAL_RTCEx_BKUPWrite
                0x0000000008007964       0x34 Drivers/STM32F4xx_HAL_Driver/Src/stm32f4xx_hal_rtc_ex.o
                0x0000000008007964                HAL_RTCEx_BKUPWrite
 .text.HAL_RTCEx_BKUPRead
                0x0000000008007998       0x30 Drivers/STM32F4xx_HAL_Driver/Src/stm32f4xx_hal_rtc_ex.o
                0x0000000008007998                HAL_RTCEx_BKUPRead
 .text.HAL_UART_Init
                0x00000000080079c8       0x9a Drivers/STM32F4xx_HAL_Driver/Src/stm32f4xx_hal_uart.o
                0x00000000080079c8                HAL_UART_Init
 .text.HAL_UART_Transmit
                0x0000000008007a62      0x124 Drivers/STM32F4xx_HAL_Driver/Src/stm32f4xx_hal_uart.o
                0x0000000008007a62                HAL_UART_Transmit
 .text.UART_WaitOnFlagUntilTimeout
                0x0000000008007b86       0xdc Drivers/STM32F4xx_HAL_Driver/Src/stm32f4xx_hal_uart.o
 *fill*         0x0000000008007c62        0x2 
 .text.UART_SetConfig
                0x0000000008007c64      0x3b8 Drivers/STM32F4xx_HAL_Driver/Src/stm32f4xx_hal_uart.o
 .text.__errno  0x000000000800801c        0xc c:/st/stm32cubeide_1.4.0/stm32cubeide/plugins/com.st.stm32cube.ide.mcu.externaltools.gnu-tools-for-stm32.7-2018-q2-update.win32_1.4.0.202007081208/tools/bin/../lib/gcc/arm-none-eabi/7.3.1/../../../../arm-none-eabi/lib/thumb/v7e-m/fpv4-sp/hard\libc_nano.a(lib_a-errno.o)
                0x000000000800801c                __errno
 .text.__libc_init_array
                0x0000000008008028       0x48 c:/st/stm32cubeide_1.4.0/stm32cubeide/plugins/com.st.stm32cube.ide.mcu.externaltools.gnu-tools-for-stm32.7-2018-q2-update.win32_1.4.0.202007081208/tools/bin/../lib/gcc/arm-none-eabi/7.3.1/../../../../arm-none-eabi/lib/thumb/v7e-m/fpv4-sp/hard\libc_nano.a(lib_a-init.o)
                0x0000000008008028                __libc_init_array
 .text.memset   0x0000000008008070       0x10 c:/st/stm32cubeide_1.4.0/stm32cubeide/plugins/com.st.stm32cube.ide.mcu.externaltools.gnu-tools-for-stm32.7-2018-q2-update.win32_1.4.0.202007081208/tools/bin/../lib/gcc/arm-none-eabi/7.3.1/../../../../arm-none-eabi/lib/thumb/v7e-m/fpv4-sp/hard\libc_nano.a(lib_a-memset.o)
                0x0000000008008070                memset
 .text._puts_r  0x0000000008008080       0xb8 c:/st/stm32cubeide_1.4.0/stm32cubeide/plugins/com.st.stm32cube.ide.mcu.externaltools.gnu-tools-for-stm32.7-2018-q2-update.win32_1.4.0.202007081208/tools/bin/../lib/gcc/arm-none-eabi/7.3.1/../../../../arm-none-eabi/lib/thumb/v7e-m/fpv4-sp/hard\libc_nano.a(lib_a-puts.o)
                0x0000000008008080                _puts_r
 .text.puts     0x0000000008008138       0x10 c:/st/stm32cubeide_1.4.0/stm32cubeide/plugins/com.st.stm32cube.ide.mcu.externaltools.gnu-tools-for-stm32.7-2018-q2-update.win32_1.4.0.202007081208/tools/bin/../lib/gcc/arm-none-eabi/7.3.1/../../../../arm-none-eabi/lib/thumb/v7e-m/fpv4-sp/hard\libc_nano.a(lib_a-puts.o)
                0x0000000008008138                puts
 .text.__swbuf_r
                0x0000000008008148       0xa4 c:/st/stm32cubeide_1.4.0/stm32cubeide/plugins/com.st.stm32cube.ide.mcu.externaltools.gnu-tools-for-stm32.7-2018-q2-update.win32_1.4.0.202007081208/tools/bin/../lib/gcc/arm-none-eabi/7.3.1/../../../../arm-none-eabi/lib/thumb/v7e-m/fpv4-sp/hard\libc_nano.a(lib_a-wbuf.o)
                0x0000000008008148                __swbuf_r
 .text.__swsetup_r
                0x00000000080081ec       0xdc c:/st/stm32cubeide_1.4.0/stm32cubeide/plugins/com.st.stm32cube.ide.mcu.externaltools.gnu-tools-for-stm32.7-2018-q2-update.win32_1.4.0.202007081208/tools/bin/../lib/gcc/arm-none-eabi/7.3.1/../../../../arm-none-eabi/lib/thumb/v7e-m/fpv4-sp/hard\libc_nano.a(lib_a-wsetup.o)
                0x00000000080081ec                __swsetup_r
 .text.__sflush_r
                0x00000000080082c8      0x10c c:/st/stm32cubeide_1.4.0/stm32cubeide/plugins/com.st.stm32cube.ide.mcu.externaltools.gnu-tools-for-stm32.7-2018-q2-update.win32_1.4.0.202007081208/tools/bin/../lib/gcc/arm-none-eabi/7.3.1/../../../../arm-none-eabi/lib/thumb/v7e-m/fpv4-sp/hard\libc_nano.a(lib_a-fflush.o)
                0x00000000080082c8                __sflush_r
 .text._fflush_r
                0x00000000080083d4       0x54 c:/st/stm32cubeide_1.4.0/stm32cubeide/plugins/com.st.stm32cube.ide.mcu.externaltools.gnu-tools-for-stm32.7-2018-q2-update.win32_1.4.0.202007081208/tools/bin/../lib/gcc/arm-none-eabi/7.3.1/../../../../arm-none-eabi/lib/thumb/v7e-m/fpv4-sp/hard\libc_nano.a(lib_a-fflush.o)
                0x00000000080083d4                _fflush_r
 .text.std      0x0000000008008428       0x48 c:/st/stm32cubeide_1.4.0/stm32cubeide/plugins/com.st.stm32cube.ide.mcu.externaltools.gnu-tools-for-stm32.7-2018-q2-update.win32_1.4.0.202007081208/tools/bin/../lib/gcc/arm-none-eabi/7.3.1/../../../../arm-none-eabi/lib/thumb/v7e-m/fpv4-sp/hard\libc_nano.a(lib_a-findfp.o)
 .text._cleanup_r
                0x0000000008008470        0xc c:/st/stm32cubeide_1.4.0/stm32cubeide/plugins/com.st.stm32cube.ide.mcu.externaltools.gnu-tools-for-stm32.7-2018-q2-update.win32_1.4.0.202007081208/tools/bin/../lib/gcc/arm-none-eabi/7.3.1/../../../../arm-none-eabi/lib/thumb/v7e-m/fpv4-sp/hard\libc_nano.a(lib_a-findfp.o)
                0x0000000008008470                _cleanup_r
 .text.__sfmoreglue
                0x000000000800847c       0x2c c:/st/stm32cubeide_1.4.0/stm32cubeide/plugins/com.st.stm32cube.ide.mcu.externaltools.gnu-tools-for-stm32.7-2018-q2-update.win32_1.4.0.202007081208/tools/bin/../lib/gcc/arm-none-eabi/7.3.1/../../../../arm-none-eabi/lib/thumb/v7e-m/fpv4-sp/hard\libc_nano.a(lib_a-findfp.o)
                0x000000000800847c                __sfmoreglue
 .text.__sinit  0x00000000080084a8       0x60 c:/st/stm32cubeide_1.4.0/stm32cubeide/plugins/com.st.stm32cube.ide.mcu.externaltools.gnu-tools-for-stm32.7-2018-q2-update.win32_1.4.0.202007081208/tools/bin/../lib/gcc/arm-none-eabi/7.3.1/../../../../arm-none-eabi/lib/thumb/v7e-m/fpv4-sp/hard\libc_nano.a(lib_a-findfp.o)
                0x00000000080084a8                __sinit
 .text.__sfp    0x0000000008008508       0x78 c:/st/stm32cubeide_1.4.0/stm32cubeide/plugins/com.st.stm32cube.ide.mcu.externaltools.gnu-tools-for-stm32.7-2018-q2-update.win32_1.4.0.202007081208/tools/bin/../lib/gcc/arm-none-eabi/7.3.1/../../../../arm-none-eabi/lib/thumb/v7e-m/fpv4-sp/hard\libc_nano.a(lib_a-findfp.o)
                0x0000000008008508                __sfp
 .text._fwalk_reent
                0x0000000008008580       0x3c c:/st/stm32cubeide_1.4.0/stm32cubeide/plugins/com.st.stm32cube.ide.mcu.externaltools.gnu-tools-for-stm32.7-2018-q2-update.win32_1.4.0.202007081208/tools/bin/../lib/gcc/arm-none-eabi/7.3.1/../../../../arm-none-eabi/lib/thumb/v7e-m/fpv4-sp/hard\libc_nano.a(lib_a-fwalk.o)
                0x0000000008008580                _fwalk_reent
 .text.__swhatbuf_r
                0x00000000080085bc       0x48 c:/st/stm32cubeide_1.4.0/stm32cubeide/plugins/com.st.stm32cube.ide.mcu.externaltools.gnu-tools-for-stm32.7-2018-q2-update.win32_1.4.0.202007081208/tools/bin/../lib/gcc/arm-none-eabi/7.3.1/../../../../arm-none-eabi/lib/thumb/v7e-m/fpv4-sp/hard\libc_nano.a(lib_a-makebuf.o)
                0x00000000080085bc                __swhatbuf_r
 .text.__smakebuf_r
                0x0000000008008604       0x80 c:/st/stm32cubeide_1.4.0/stm32cubeide/plugins/com.st.stm32cube.ide.mcu.externaltools.gnu-tools-for-stm32.7-2018-q2-update.win32_1.4.0.202007081208/tools/bin/../lib/gcc/arm-none-eabi/7.3.1/../../../../arm-none-eabi/lib/thumb/v7e-m/fpv4-sp/hard\libc_nano.a(lib_a-makebuf.o)
                0x0000000008008604                __smakebuf_r
 .text._free_r  0x0000000008008684       0x9c c:/st/stm32cubeide_1.4.0/stm32cubeide/plugins/com.st.stm32cube.ide.mcu.externaltools.gnu-tools-for-stm32.7-2018-q2-update.win32_1.4.0.202007081208/tools/bin/../lib/gcc/arm-none-eabi/7.3.1/../../../../arm-none-eabi/lib/thumb/v7e-m/fpv4-sp/hard\libc_nano.a(lib_a-nano-freer.o)
                0x0000000008008684                _free_r
 .text._malloc_r
                0x0000000008008720       0xb4 c:/st/stm32cubeide_1.4.0/stm32cubeide/plugins/com.st.stm32cube.ide.mcu.externaltools.gnu-tools-for-stm32.7-2018-q2-update.win32_1.4.0.202007081208/tools/bin/../lib/gcc/arm-none-eabi/7.3.1/../../../../arm-none-eabi/lib/thumb/v7e-m/fpv4-sp/hard\libc_nano.a(lib_a-nano-mallocr.o)
                0x0000000008008720                _malloc_r
 .text._sbrk_r  0x00000000080087d4       0x20 c:/st/stm32cubeide_1.4.0/stm32cubeide/plugins/com.st.stm32cube.ide.mcu.externaltools.gnu-tools-for-stm32.7-2018-q2-update.win32_1.4.0.202007081208/tools/bin/../lib/gcc/arm-none-eabi/7.3.1/../../../../arm-none-eabi/lib/thumb/v7e-m/fpv4-sp/hard\libc_nano.a(lib_a-sbrkr.o)
                0x00000000080087d4                _sbrk_r
 .text.__sread  0x00000000080087f4       0x22 c:/st/stm32cubeide_1.4.0/stm32cubeide/plugins/com.st.stm32cube.ide.mcu.externaltools.gnu-tools-for-stm32.7-2018-q2-update.win32_1.4.0.202007081208/tools/bin/../lib/gcc/arm-none-eabi/7.3.1/../../../../arm-none-eabi/lib/thumb/v7e-m/fpv4-sp/hard\libc_nano.a(lib_a-stdio.o)
                0x00000000080087f4                __sread
 .text.__swrite
                0x0000000008008816       0x38 c:/st/stm32cubeide_1.4.0/stm32cubeide/plugins/com.st.stm32cube.ide.mcu.externaltools.gnu-tools-for-stm32.7-2018-q2-update.win32_1.4.0.202007081208/tools/bin/../lib/gcc/arm-none-eabi/7.3.1/../../../../arm-none-eabi/lib/thumb/v7e-m/fpv4-sp/hard\libc_nano.a(lib_a-stdio.o)
                0x0000000008008816                __swrite
 .text.__sseek  0x000000000800884e       0x24 c:/st/stm32cubeide_1.4.0/stm32cubeide/plugins/com.st.stm32cube.ide.mcu.externaltools.gnu-tools-for-stm32.7-2018-q2-update.win32_1.4.0.202007081208/tools/bin/../lib/gcc/arm-none-eabi/7.3.1/../../../../arm-none-eabi/lib/thumb/v7e-m/fpv4-sp/hard\libc_nano.a(lib_a-stdio.o)
                0x000000000800884e                __sseek
 .text.__sclose
                0x0000000008008872        0x8 c:/st/stm32cubeide_1.4.0/stm32cubeide/plugins/com.st.stm32cube.ide.mcu.externaltools.gnu-tools-for-stm32.7-2018-q2-update.win32_1.4.0.202007081208/tools/bin/../lib/gcc/arm-none-eabi/7.3.1/../../../../arm-none-eabi/lib/thumb/v7e-m/fpv4-sp/hard\libc_nano.a(lib_a-stdio.o)
                0x0000000008008872                __sclose
 *fill*         0x000000000800887a        0x2 
 .text._write_r
                0x000000000800887c       0x24 c:/st/stm32cubeide_1.4.0/stm32cubeide/plugins/com.st.stm32cube.ide.mcu.externaltools.gnu-tools-for-stm32.7-2018-q2-update.win32_1.4.0.202007081208/tools/bin/../lib/gcc/arm-none-eabi/7.3.1/../../../../arm-none-eabi/lib/thumb/v7e-m/fpv4-sp/hard\libc_nano.a(lib_a-writer.o)
                0x000000000800887c                _write_r
 .text._close_r
                0x00000000080088a0       0x20 c:/st/stm32cubeide_1.4.0/stm32cubeide/plugins/com.st.stm32cube.ide.mcu.externaltools.gnu-tools-for-stm32.7-2018-q2-update.win32_1.4.0.202007081208/tools/bin/../lib/gcc/arm-none-eabi/7.3.1/../../../../arm-none-eabi/lib/thumb/v7e-m/fpv4-sp/hard\libc_nano.a(lib_a-closer.o)
                0x00000000080088a0                _close_r
 .text._fstat_r
                0x00000000080088c0       0x24 c:/st/stm32cubeide_1.4.0/stm32cubeide/plugins/com.st.stm32cube.ide.mcu.externaltools.gnu-tools-for-stm32.7-2018-q2-update.win32_1.4.0.202007081208/tools/bin/../lib/gcc/arm-none-eabi/7.3.1/../../../../arm-none-eabi/lib/thumb/v7e-m/fpv4-sp/hard\libc_nano.a(lib_a-fstatr.o)
                0x00000000080088c0                _fstat_r
 .text._isatty_r
                0x00000000080088e4       0x20 c:/st/stm32cubeide_1.4.0/stm32cubeide/plugins/com.st.stm32cube.ide.mcu.externaltools.gnu-tools-for-stm32.7-2018-q2-update.win32_1.4.0.202007081208/tools/bin/../lib/gcc/arm-none-eabi/7.3.1/../../../../arm-none-eabi/lib/thumb/v7e-m/fpv4-sp/hard\libc_nano.a(lib_a-isattyr.o)
                0x00000000080088e4                _isatty_r
 .text._lseek_r
                0x0000000008008904       0x24 c:/st/stm32cubeide_1.4.0/stm32cubeide/plugins/com.st.stm32cube.ide.mcu.externaltools.gnu-tools-for-stm32.7-2018-q2-update.win32_1.4.0.202007081208/tools/bin/../lib/gcc/arm-none-eabi/7.3.1/../../../../arm-none-eabi/lib/thumb/v7e-m/fpv4-sp/hard\libc_nano.a(lib_a-lseekr.o)
                0x0000000008008904                _lseek_r
 .text.__malloc_lock
                0x0000000008008928        0x2 c:/st/stm32cubeide_1.4.0/stm32cubeide/plugins/com.st.stm32cube.ide.mcu.externaltools.gnu-tools-for-stm32.7-2018-q2-update.win32_1.4.0.202007081208/tools/bin/../lib/gcc/arm-none-eabi/7.3.1/../../../../arm-none-eabi/lib/thumb/v7e-m/fpv4-sp/hard\libc_nano.a(lib_a-mlock.o)
                0x0000000008008928                __malloc_lock
 .text.__malloc_unlock
                0x000000000800892a        0x2 c:/st/stm32cubeide_1.4.0/stm32cubeide/plugins/com.st.stm32cube.ide.mcu.externaltools.gnu-tools-for-stm32.7-2018-q2-update.win32_1.4.0.202007081208/tools/bin/../lib/gcc/arm-none-eabi/7.3.1/../../../../arm-none-eabi/lib/thumb/v7e-m/fpv4-sp/hard\libc_nano.a(lib_a-mlock.o)
                0x000000000800892a                __malloc_unlock
 .text._read_r  0x000000000800892c       0x24 c:/st/stm32cubeide_1.4.0/stm32cubeide/plugins/com.st.stm32cube.ide.mcu.externaltools.gnu-tools-for-stm32.7-2018-q2-update.win32_1.4.0.202007081208/tools/bin/../lib/gcc/arm-none-eabi/7.3.1/../../../../arm-none-eabi/lib/thumb/v7e-m/fpv4-sp/hard\libc_nano.a(lib_a-readr.o)
                0x000000000800892c                _read_r
 *(.glue_7)
 .glue_7        0x0000000008008950        0x0 linker stubs
 *(.glue_7t)
 .glue_7t       0x0000000008008950        0x0 linker stubs
 *(.eh_frame)
 .eh_frame      0x0000000008008950        0x0 c:/st/stm32cubeide_1.4.0/stm32cubeide/plugins/com.st.stm32cube.ide.mcu.externaltools.gnu-tools-for-stm32.7-2018-q2-update.win32_1.4.0.202007081208/tools/bin/../lib/gcc/arm-none-eabi/7.3.1/thumb/v7e-m/fpv4-sp/hard/crtbegin.o
 *(.init)
 .init          0x0000000008008950        0x4 c:/st/stm32cubeide_1.4.0/stm32cubeide/plugins/com.st.stm32cube.ide.mcu.externaltools.gnu-tools-for-stm32.7-2018-q2-update.win32_1.4.0.202007081208/tools/bin/../lib/gcc/arm-none-eabi/7.3.1/thumb/v7e-m/fpv4-sp/hard/crti.o
                0x0000000008008950                _init
 .init          0x0000000008008954        0x8 c:/st/stm32cubeide_1.4.0/stm32cubeide/plugins/com.st.stm32cube.ide.mcu.externaltools.gnu-tools-for-stm32.7-2018-q2-update.win32_1.4.0.202007081208/tools/bin/../lib/gcc/arm-none-eabi/7.3.1/thumb/v7e-m/fpv4-sp/hard/crtn.o
 *(.fini)
 .fini          0x000000000800895c        0x4 c:/st/stm32cubeide_1.4.0/stm32cubeide/plugins/com.st.stm32cube.ide.mcu.externaltools.gnu-tools-for-stm32.7-2018-q2-update.win32_1.4.0.202007081208/tools/bin/../lib/gcc/arm-none-eabi/7.3.1/thumb/v7e-m/fpv4-sp/hard/crti.o
                0x000000000800895c                _fini
 .fini          0x0000000008008960        0x8 c:/st/stm32cubeide_1.4.0/stm32cubeide/plugins/com.st.stm32cube.ide.mcu.externaltools.gnu-tools-for-stm32.7-2018-q2-update.win32_1.4.0.202007081208/tools/bin/../lib/gcc/arm-none-eabi/7.3.1/thumb/v7e-m/fpv4-sp/hard/crtn.o
                0x0000000008008968                . = ALIGN (0x4)
                0x0000000008008968                _etext = .

.vfp11_veneer   0x0000000008008968        0x0
 .vfp11_veneer  0x0000000008008968        0x0 linker stubs

.v4_bx          0x0000000008008968        0x0
 .v4_bx         0x0000000008008968        0x0 linker stubs

.iplt           0x0000000008008968        0x0
 .iplt          0x0000000008008968        0x0 c:/st/stm32cubeide_1.4.0/stm32cubeide/plugins/com.st.stm32cube.ide.mcu.externaltools.gnu-tools-for-stm32.7-2018-q2-update.win32_1.4.0.202007081208/tools/bin/../lib/gcc/arm-none-eabi/7.3.1/thumb/v7e-m/fpv4-sp/hard/crtbegin.o

.rodata         0x0000000008008968      0x108
                0x0000000008008968                . = ALIGN (0x4)
 *(.rodata)
 .rodata        0x0000000008008968       0x53 Core/Src/main.o
 *fill*         0x00000000080089bb        0x1 
 .rodata        0x00000000080089bc       0x38 Core/Src/ota_update.o
 *(.rodata*)
 .rodata.AHBPrescTable
                0x00000000080089f4       0x10 Core/Src/system_stm32f4xx.o
                0x00000000080089f4                AHBPrescTable
 .rodata.APBPrescTable
                0x0000000008008a04        0x8 Core/Src/system_stm32f4xx.o
                0x0000000008008a04                APBPrescTable
 .rodata._global_impure_ptr
                0x0000000008008a0c        0x4 c:/st/stm32cubeide_1.4.0/stm32cubeide/plugins/com.st.stm32cube.ide.mcu.externaltools.gnu-tools-for-stm32.7-2018-q2-update.win32_1.4.0.202007081208/tools/bin/../lib/gcc/arm-none-eabi/7.3.1/../../../../arm-none-eabi/lib/thumb/v7e-m/fpv4-sp/hard\libc_nano.a(lib_a-impure.o)
                0x0000000008008a0c                _global_impure_ptr
 .rodata.__sf_fake_stderr
                0x0000000008008a10       0x20 c:/st/stm32cubeide_1.4.0/stm32cubeide/plugins/com.st.stm32cube.ide.mcu.externaltools.gnu-tools-for-stm32.7-2018-q2-update.win32_1.4.0.202007081208/tools/bin/../lib/gcc/arm-none-eabi/7.3.1/../../../../arm-none-eabi/lib/thumb/v7e-m/fpv4-sp/hard\libc_nano.a(lib_a-findfp.o)
                0x0000000008008a10                __sf_fake_stderr
 .rodata.__sf_fake_stdin
                0x0000000008008a30       0x20 c:/st/stm32cubeide_1.4.0/stm32cubeide/plugins/com.st.stm32cube.ide.mcu.externaltools.gnu-tools-for-stm32.7-2018-q2-update.win32_1.4.0.202007081208/tools/bin/../lib/gcc/arm-none-eabi/7.3.1/../../../../arm-none-eabi/lib/thumb/v7e-m/fpv4-sp/hard\libc_nano.a(lib_a-findfp.o)
                0x0000000008008a30                __sf_fake_stdin
 .rodata.__sf_fake_stdout
                0x0000000008008a50       0x20 c:/st/stm32cubeide_1.4.0/stm32cubeide/plugins/com.st.stm32cube.ide.mcu.externaltools.gnu-tools-for-stm32.7-2018-q2-update.win32_1.4.0.202007081208/tools/bin/../lib/gcc/arm-none-eabi/7.3.1/../../../../arm-none-eabi/lib/thumb/v7e-m/fpv4-sp/hard\libc_nano.a(lib_a-findfp.o)
                0x0000000008008a50                __sf_fake_stdout
                0x0000000008008a70                . = ALIGN (0x4)

.ARM.extab      0x0000000008008a70        0x0
                0x0000000008008a70                . = ALIGN (0x4)
 *(.ARM.extab* .gnu.linkonce.armextab.*)
                0x0000000008008a70                . = ALIGN (0x4)

.ARM            0x0000000008008a70        0x8
                0x0000000008008a70                . = ALIGN (0x4)
                0x0000000008008a70                __exidx_start = .
 *(.ARM.exidx*)
 .ARM.exidx     0x0000000008008a70        0x8 c:/st/stm32cubeide_1.4.0/stm32cubeide/plugins/com.st.stm32cube.ide.mcu.externaltools.gnu-tools-for-stm32.7-2018-q2-update.win32_1.4.0.202007081208/tools/bin/../lib/gcc/arm-none-eabi/7.3.1/thumb/v7e-m/fpv4-sp/hard\libgcc.a(_udivmoddi4.o)
                0x0000000008008a78                __exidx_end = .
                0x0000000008008a78                . = ALIGN (0x4)

.rel.dyn        0x0000000008008a78        0x0
 .rel.iplt      0x0000000008008a78        0x0 c:/st/stm32cubeide_1.4.0/stm32cubeide/plugins/com.st.stm32cube.ide.mcu.externaltools.gnu-tools-for-stm32.7-2018-q2-update.win32_1.4.0.202007081208/tools/bin/../lib/gcc/arm-none-eabi/7.3.1/thumb/v7e-m/fpv4-sp/hard/crtbegin.o

.preinit_array  0x0000000008008a78        0x0
                0x0000000008008a78                . = ALIGN (0x4)
                0x0000000008008a78                PROVIDE (__preinit_array_start = .)
 *(.preinit_array*)
                0x0000000008008a78                PROVIDE (__preinit_array_end = .)
                0x0000000008008a78                . = ALIGN (0x4)

.init_array     0x0000000008008a78        0x4
                0x0000000008008a78                . = ALIGN (0x4)
                0x0000000008008a78                PROVIDE (__init_array_start = .)
 *(SORT_BY_NAME(.init_array.*))
 *(.init_array*)
 .init_array    0x0000000008008a78        0x4 c:/st/stm32cubeide_1.4.0/stm32cubeide/plugins/com.st.stm32cube.ide.mcu.externaltools.gnu-tools-for-stm32.7-2018-q2-update.win32_1.4.0.202007081208/tools/bin/../lib/gcc/arm-none-eabi/7.3.1/thumb/v7e-m/fpv4-sp/hard/crtbegin.o
                0x0000000008008a7c                PROVIDE (__init_array_end = .)
                0x0000000008008a7c                . = ALIGN (0x4)

.fini_array     0x0000000008008a7c        0x4
                0x0000000008008a7c                . = ALIGN (0x4)
                [!provide]                        PROVIDE (__fini_array_start = .)
 *(SORT_BY_NAME(.fini_array.*))
 *(.fini_array*)
 .fini_array    0x0000000008008a7c        0x4 c:/st/stm32cubeide_1.4.0/stm32cubeide/plugins/com.st.stm32cube.ide.mcu.externaltools.gnu-tools-for-stm32.7-2018-q2-update.win32_1.4.0.202007081208/tools/bin/../lib/gcc/arm-none-eabi/7.3.1/thumb/v7e-m/fpv4-sp/hard/crtbegin.o
                [!provide]                        PROVIDE (__fini_array_end = .)
                0x0000000008008a80                . = ALIGN (0x4)
                0x0000000008008a80                _sidata = LOADADDR (.data)

.data           0x0000000020000000       0x80 load address 0x0000000008008a80
                0x0000000020000000                . = ALIGN (0x4)
                0x0000000020000000                _sdata = .
 *(.data)
 *(.data*)
 .data.supported_commands
                0x0000000020000000        0x5 Core/Src/ota_update.o
                0x0000000020000000                supported_commands
 *fill*         0x0000000020000005        0x3 
 .data.ADDRESS  0x0000000020000008        0x4 Core/Src/ota_update.o
                0x0000000020000008                ADDRESS
 .data.first_time
                0x000000002000000c        0x1 Core/Src/ota_update.o
                0x000000002000000c                first_time
 *fill*         0x000000002000000d        0x3 
 .data.SystemCoreClock
                0x0000000020000010        0x4 Core/Src/system_stm32f4xx.o
                0x0000000020000010                SystemCoreClock
 .data.uwTickPrio
                0x0000000020000014        0x4 Drivers/STM32F4xx_HAL_Driver/Src/stm32f4xx_hal.o
                0x0000000020000014                uwTickPrio
 .data.uwTickFreq
                0x0000000020000018        0x1 Drivers/STM32F4xx_HAL_Driver/Src/stm32f4xx_hal.o
                0x0000000020000018                uwTickFreq
 *fill*         0x0000000020000019        0x3 
 .data._impure_ptr
                0x000000002000001c        0x4 c:/st/stm32cubeide_1.4.0/stm32cubeide/plugins/com.st.stm32cube.ide.mcu.externaltools.gnu-tools-for-stm32.7-2018-q2-update.win32_1.4.0.202007081208/tools/bin/../lib/gcc/arm-none-eabi/7.3.1/../../../../arm-none-eabi/lib/thumb/v7e-m/fpv4-sp/hard\libc_nano.a(lib_a-impure.o)
                0x000000002000001c                _impure_ptr
 .data.impure_data
                0x0000000020000020       0x60 c:/st/stm32cubeide_1.4.0/stm32cubeide/plugins/com.st.stm32cube.ide.mcu.externaltools.gnu-tools-for-stm32.7-2018-q2-update.win32_1.4.0.202007081208/tools/bin/../lib/gcc/arm-none-eabi/7.3.1/../../../../arm-none-eabi/lib/thumb/v7e-m/fpv4-sp/hard\libc_nano.a(lib_a-impure.o)
 *(.RamFunc)
 *(.RamFunc*)
                0x0000000020000080                . = ALIGN (0x4)
                0x0000000020000080                _edata = .
                0x0000000008008b00                _siccmram = LOADADDR (.ccmram)

.igot.plt       0x0000000020000080        0x0 load address 0x0000000008008b00
 .igot.plt      0x0000000020000080        0x0 c:/st/stm32cubeide_1.4.0/stm32cubeide/plugins/com.st.stm32cube.ide.mcu.externaltools.gnu-tools-for-stm32.7-2018-q2-update.win32_1.4.0.202007081208/tools/bin/../lib/gcc/arm-none-eabi/7.3.1/thumb/v7e-m/fpv4-sp/hard/crtbegin.o

.ccmram         0x0000000010000000        0x0 load address 0x0000000008008b00
                0x0000000010000000                . = ALIGN (0x4)
                0x0000000010000000                _sccmram = .
 *(.ccmram)
 *(.ccmram*)
                0x0000000010000000                . = ALIGN (0x4)
                0x0000000010000000                _eccmram = .
                0x0000000010000000                . = ALIGN (0x4)

.bss            0x0000000020000080      0x12c
                0x0000000020000080                _sbss = .
                0x0000000020000080                __bss_start__ = _sbss
 *(.bss)
 .bss           0x0000000020000080       0x1c c:/st/stm32cubeide_1.4.0/stm32cubeide/plugins/com.st.stm32cube.ide.mcu.externaltools.gnu-tools-for-stm32.7-2018-q2-update.win32_1.4.0.202007081208/tools/bin/../lib/gcc/arm-none-eabi/7.3.1/thumb/v7e-m/fpv4-sp/hard/crtbegin.o
 *(.bss*)
 .bss.ack_no    0x000000002000009c        0x1 Core/Src/ota_update.o
                0x000000002000009c                ack_no
 *fill*         0x000000002000009d        0x3 
 .bss.__sbrk_heap_end
                0x00000000200000a0        0x4 Core/Src/sysmem.o
 .bss.__malloc_free_list
                0x00000000200000a4        0x4 c:/st/stm32cubeide_1.4.0/stm32cubeide/plugins/com.st.stm32cube.ide.mcu.externaltools.gnu-tools-for-stm32.7-2018-q2-update.win32_1.4.0.202007081208/tools/bin/../lib/gcc/arm-none-eabi/7.3.1/../../../../arm-none-eabi/lib/thumb/v7e-m/fpv4-sp/hard\libc_nano.a(lib_a-nano-mallocr.o)
                0x00000000200000a4                __malloc_free_list
 .bss.__malloc_sbrk_start
                0x00000000200000a8        0x4 c:/st/stm32cubeide_1.4.0/stm32cubeide/plugins/com.st.stm32cube.ide.mcu.externaltools.gnu-tools-for-stm32.7-2018-q2-update.win32_1.4.0.202007081208/tools/bin/../lib/gcc/arm-none-eabi/7.3.1/../../../../arm-none-eabi/lib/thumb/v7e-m/fpv4-sp/hard\libc_nano.a(lib_a-nano-mallocr.o)
                0x00000000200000a8                __malloc_sbrk_start
 *(COMMON)
 COMMON         0x00000000200000ac       0xd4 Core/Src/main.o
                0x00000000200000ac                huart1
                0x00000000200000f0                hrtc
                0x0000000020000110                TxData
                0x0000000020000118                TxMailbox
                0x000000002000011c                RxData
                0x0000000020000124                hcan1
                0x000000002000014c                TxHeader
                0x0000000020000164                RxHeader
 COMMON         0x0000000020000180        0x2 Core/Src/ota_update.o
                0x0000000020000180                SIZE
 *fill*         0x0000000020000182        0x2 
 COMMON         0x0000000020000184        0x4 Drivers/STM32F4xx_HAL_Driver/Src/stm32f4xx_hal.o
                0x0000000020000184                uwTick
 COMMON         0x0000000020000188       0x20 Drivers/STM32F4xx_HAL_Driver/Src/stm32f4xx_hal_flash.o
                0x0000000020000188                pFlash
 COMMON         0x00000000200001a8        0x4 c:/st/stm32cubeide_1.4.0/stm32cubeide/plugins/com.st.stm32cube.ide.mcu.externaltools.gnu-tools-for-stm32.7-2018-q2-update.win32_1.4.0.202007081208/tools/bin/../lib/gcc/arm-none-eabi/7.3.1/../../../../arm-none-eabi/lib/thumb/v7e-m/fpv4-sp/hard\libc_nano.a(lib_a-reent.o)
                0x00000000200001a8                errno
                0x00000000200001ac                . = ALIGN (0x4)
                0x00000000200001ac                _ebss = .
                0x00000000200001ac                __bss_end__ = _ebss

._user_heap_stack
                0x00000000200001ac      0x604
                0x00000000200001b0                . = ALIGN (0x8)
 *fill*         0x00000000200001ac        0x4 
                [!provide]                        PROVIDE (end = .)
                0x00000000200001b0                PROVIDE (_end = .)
                0x00000000200003b0                . = (. + _Min_Heap_Size)
 *fill*         0x00000000200001b0      0x200 
                0x00000000200007b0                . = (. + _Min_Stack_Size)
 *fill*         0x00000000200003b0      0x400 
                0x00000000200007b0                . = ALIGN (0x8)

/DISCARD/
 libc.a(*)
 libm.a(*)
 libgcc.a(*)

.ARM.attributes
                0x0000000000000000       0x30
 *(.ARM.attributes)
 .ARM.attributes
                0x0000000000000000       0x22 c:/st/stm32cubeide_1.4.0/stm32cubeide/plugins/com.st.stm32cube.ide.mcu.externaltools.gnu-tools-for-stm32.7-2018-q2-update.win32_1.4.0.202007081208/tools/bin/../lib/gcc/arm-none-eabi/7.3.1/thumb/v7e-m/fpv4-sp/hard/crti.o
 .ARM.attributes
                0x0000000000000022       0x34 c:/st/stm32cubeide_1.4.0/stm32cubeide/plugins/com.st.stm32cube.ide.mcu.externaltools.gnu-tools-for-stm32.7-2018-q2-update.win32_1.4.0.202007081208/tools/bin/../lib/gcc/arm-none-eabi/7.3.1/thumb/v7e-m/fpv4-sp/hard/crtbegin.o
 .ARM.attributes
                0x0000000000000056       0x39 Core/Src/main.o
 .ARM.attributes
                0x000000000000008f       0x39 Core/Src/ota_update.o
 .ARM.attributes
                0x00000000000000c8       0x39 Core/Src/stm32f4xx_hal_msp.o
 .ARM.attributes
                0x0000000000000101       0x39 Core/Src/stm32f4xx_it.o
 .ARM.attributes
                0x000000000000013a       0x39 Core/Src/syscalls.o
 .ARM.attributes
                0x0000000000000173       0x39 Core/Src/sysmem.o
 .ARM.attributes
                0x00000000000001ac       0x39 Core/Src/system_stm32f4xx.o
 .ARM.attributes
                0x00000000000001e5       0x21 Core/Startup/startup_stm32f429zitx.o
 .ARM.attributes
                0x0000000000000206       0x39 Drivers/STM32F4xx_HAL_Driver/Src/stm32f4xx_hal.o
 .ARM.attributes
                0x000000000000023f       0x39 Drivers/STM32F4xx_HAL_Driver/Src/stm32f4xx_hal_can.o
 .ARM.attributes
                0x0000000000000278       0x39 Drivers/STM32F4xx_HAL_Driver/Src/stm32f4xx_hal_cortex.o
 .ARM.attributes
                0x00000000000002b1       0x39 Drivers/STM32F4xx_HAL_Driver/Src/stm32f4xx_hal_flash.o
 .ARM.attributes
                0x00000000000002ea       0x39 Drivers/STM32F4xx_HAL_Driver/Src/stm32f4xx_hal_flash_ex.o
 .ARM.attributes
                0x0000000000000323       0x39 Drivers/STM32F4xx_HAL_Driver/Src/stm32f4xx_hal_gpio.o
 .ARM.attributes
                0x000000000000035c       0x39 Drivers/STM32F4xx_HAL_Driver/Src/stm32f4xx_hal_pwr.o
 .ARM.attributes
                0x0000000000000395       0x39 Drivers/STM32F4xx_HAL_Driver/Src/stm32f4xx_hal_pwr_ex.o
 .ARM.attributes
                0x00000000000003ce       0x39 Drivers/STM32F4xx_HAL_Driver/Src/stm32f4xx_hal_rcc.o
 .ARM.attributes
                0x0000000000000407       0x39 Drivers/STM32F4xx_HAL_Driver/Src/stm32f4xx_hal_rcc_ex.o
 .ARM.attributes
                0x0000000000000440       0x39 Drivers/STM32F4xx_HAL_Driver/Src/stm32f4xx_hal_rtc.o
 .ARM.attributes
                0x0000000000000479       0x39 Drivers/STM32F4xx_HAL_Driver/Src/stm32f4xx_hal_rtc_ex.o
 .ARM.attributes
                0x00000000000004b2       0x39 Drivers/STM32F4xx_HAL_Driver/Src/stm32f4xx_hal_uart.o
 .ARM.attributes
                0x00000000000004eb       0x34 c:/st/stm32cubeide_1.4.0/stm32cubeide/plugins/com.st.stm32cube.ide.mcu.externaltools.gnu-tools-for-stm32.7-2018-q2-update.win32_1.4.0.202007081208/tools/bin/../lib/gcc/arm-none-eabi/7.3.1/../../../../arm-none-eabi/lib/thumb/v7e-m/fpv4-sp/hard\libc_nano.a(lib_a-errno.o)
 .ARM.attributes
                0x000000000000051f       0x34 c:/st/stm32cubeide_1.4.0/stm32cubeide/plugins/com.st.stm32cube.ide.mcu.externaltools.gnu-tools-for-stm32.7-2018-q2-update.win32_1.4.0.202007081208/tools/bin/../lib/gcc/arm-none-eabi/7.3.1/../../../../arm-none-eabi/lib/thumb/v7e-m/fpv4-sp/hard\libc_nano.a(lib_a-impure.o)
 .ARM.attributes
                0x0000000000000553       0x34 c:/st/stm32cubeide_1.4.0/stm32cubeide/plugins/com.st.stm32cube.ide.mcu.externaltools.gnu-tools-for-stm32.7-2018-q2-update.win32_1.4.0.202007081208/tools/bin/../lib/gcc/arm-none-eabi/7.3.1/../../../../arm-none-eabi/lib/thumb/v7e-m/fpv4-sp/hard\libc_nano.a(lib_a-init.o)
 .ARM.attributes
                0x0000000000000587       0x34 c:/st/stm32cubeide_1.4.0/stm32cubeide/plugins/com.st.stm32cube.ide.mcu.externaltools.gnu-tools-for-stm32.7-2018-q2-update.win32_1.4.0.202007081208/tools/bin/../lib/gcc/arm-none-eabi/7.3.1/../../../../arm-none-eabi/lib/thumb/v7e-m/fpv4-sp/hard\libc_nano.a(lib_a-memset.o)
 .ARM.attributes
                0x00000000000005bb       0x34 c:/st/stm32cubeide_1.4.0/stm32cubeide/plugins/com.st.stm32cube.ide.mcu.externaltools.gnu-tools-for-stm32.7-2018-q2-update.win32_1.4.0.202007081208/tools/bin/../lib/gcc/arm-none-eabi/7.3.1/../../../../arm-none-eabi/lib/thumb/v7e-m/fpv4-sp/hard\libc_nano.a(lib_a-puts.o)
 .ARM.attributes
                0x00000000000005ef       0x34 c:/st/stm32cubeide_1.4.0/stm32cubeide/plugins/com.st.stm32cube.ide.mcu.externaltools.gnu-tools-for-stm32.7-2018-q2-update.win32_1.4.0.202007081208/tools/bin/../lib/gcc/arm-none-eabi/7.3.1/../../../../arm-none-eabi/lib/thumb/v7e-m/fpv4-sp/hard\libc_nano.a(lib_a-wbuf.o)
 .ARM.attributes
                0x0000000000000623       0x34 c:/st/stm32cubeide_1.4.0/stm32cubeide/plugins/com.st.stm32cube.ide.mcu.externaltools.gnu-tools-for-stm32.7-2018-q2-update.win32_1.4.0.202007081208/tools/bin/../lib/gcc/arm-none-eabi/7.3.1/../../../../arm-none-eabi/lib/thumb/v7e-m/fpv4-sp/hard\libc_nano.a(lib_a-wsetup.o)
 .ARM.attributes
                0x0000000000000657       0x34 c:/st/stm32cubeide_1.4.0/stm32cubeide/plugins/com.st.stm32cube.ide.mcu.externaltools.gnu-tools-for-stm32.7-2018-q2-update.win32_1.4.0.202007081208/tools/bin/../lib/gcc/arm-none-eabi/7.3.1/../../../../arm-none-eabi/lib/thumb/v7e-m/fpv4-sp/hard\libc_nano.a(lib_a-fflush.o)
 .ARM.attributes
                0x000000000000068b       0x34 c:/st/stm32cubeide_1.4.0/stm32cubeide/plugins/com.st.stm32cube.ide.mcu.externaltools.gnu-tools-for-stm32.7-2018-q2-update.win32_1.4.0.202007081208/tools/bin/../lib/gcc/arm-none-eabi/7.3.1/../../../../arm-none-eabi/lib/thumb/v7e-m/fpv4-sp/hard\libc_nano.a(lib_a-findfp.o)
 .ARM.attributes
                0x00000000000006bf       0x34 c:/st/stm32cubeide_1.4.0/stm32cubeide/plugins/com.st.stm32cube.ide.mcu.externaltools.gnu-tools-for-stm32.7-2018-q2-update.win32_1.4.0.202007081208/tools/bin/../lib/gcc/arm-none-eabi/7.3.1/../../../../arm-none-eabi/lib/thumb/v7e-m/fpv4-sp/hard\libc_nano.a(lib_a-fwalk.o)
 .ARM.attributes
                0x00000000000006f3       0x34 c:/st/stm32cubeide_1.4.0/stm32cubeide/plugins/com.st.stm32cube.ide.mcu.externaltools.gnu-tools-for-stm32.7-2018-q2-update.win32_1.4.0.202007081208/tools/bin/../lib/gcc/arm-none-eabi/7.3.1/../../../../arm-none-eabi/lib/thumb/v7e-m/fpv4-sp/hard\libc_nano.a(lib_a-makebuf.o)
 .ARM.attributes
                0x0000000000000727       0x34 c:/st/stm32cubeide_1.4.0/stm32cubeide/plugins/com.st.stm32cube.ide.mcu.externaltools.gnu-tools-for-stm32.7-2018-q2-update.win32_1.4.0.202007081208/tools/bin/../lib/gcc/arm-none-eabi/7.3.1/../../../../arm-none-eabi/lib/thumb/v7e-m/fpv4-sp/hard\libc_nano.a(lib_a-nano-freer.o)
 .ARM.attributes
                0x000000000000075b       0x34 c:/st/stm32cubeide_1.4.0/stm32cubeide/plugins/com.st.stm32cube.ide.mcu.externaltools.gnu-tools-for-stm32.7-2018-q2-update.win32_1.4.0.202007081208/tools/bin/../lib/gcc/arm-none-eabi/7.3.1/../../../../arm-none-eabi/lib/thumb/v7e-m/fpv4-sp/hard\libc_nano.a(lib_a-nano-mallocr.o)
 .ARM.attributes
                0x000000000000078f       0x34 c:/st/stm32cubeide_1.4.0/stm32cubeide/plugins/com.st.stm32cube.ide.mcu.externaltools.gnu-tools-for-stm32.7-2018-q2-update.win32_1.4.0.202007081208/tools/bin/../lib/gcc/arm-none-eabi/7.3.1/../../../../arm-none-eabi/lib/thumb/v7e-m/fpv4-sp/hard\libc_nano.a(lib_a-sbrkr.o)
 .ARM.attributes
                0x00000000000007c3       0x34 c:/st/stm32cubeide_1.4.0/stm32cubeide/plugins/com.st.stm32cube.ide.mcu.externaltools.gnu-tools-for-stm32.7-2018-q2-update.win32_1.4.0.202007081208/tools/bin/../lib/gcc/arm-none-eabi/7.3.1/../../../../arm-none-eabi/lib/thumb/v7e-m/fpv4-sp/hard\libc_nano.a(lib_a-stdio.o)
 .ARM.attributes
                0x00000000000007f7       0x34 c:/st/stm32cubeide_1.4.0/stm32cubeide/plugins/com.st.stm32cube.ide.mcu.externaltools.gnu-tools-for-stm32.7-2018-q2-update.win32_1.4.0.202007081208/tools/bin/../lib/gcc/arm-none-eabi/7.3.1/../../../../arm-none-eabi/lib/thumb/v7e-m/fpv4-sp/hard\libc_nano.a(lib_a-writer.o)
 .ARM.attributes
                0x000000000000082b       0x34 c:/st/stm32cubeide_1.4.0/stm32cubeide/plugins/com.st.stm32cube.ide.mcu.externaltools.gnu-tools-for-stm32.7-2018-q2-update.win32_1.4.0.202007081208/tools/bin/../lib/gcc/arm-none-eabi/7.3.1/../../../../arm-none-eabi/lib/thumb/v7e-m/fpv4-sp/hard\libc_nano.a(lib_a-closer.o)
 .ARM.attributes
                0x000000000000085f       0x34 c:/st/stm32cubeide_1.4.0/stm32cubeide/plugins/com.st.stm32cube.ide.mcu.externaltools.gnu-tools-for-stm32.7-2018-q2-update.win32_1.4.0.202007081208/tools/bin/../lib/gcc/arm-none-eabi/7.3.1/../../../../arm-none-eabi/lib/thumb/v7e-m/fpv4-sp/hard\libc_nano.a(lib_a-fstatr.o)
 .ARM.attributes
                0x0000000000000893       0x34 c:/st/stm32cubeide_1.4.0/stm32cubeide/plugins/com.st.stm32cube.ide.mcu.externaltools.gnu-tools-for-stm32.7-2018-q2-update.win32_1.4.0.202007081208/tools/bin/../lib/gcc/arm-none-eabi/7.3.1/../../../../arm-none-eabi/lib/thumb/v7e-m/fpv4-sp/hard\libc_nano.a(lib_a-isattyr.o)
 .ARM.attributes
                0x00000000000008c7       0x34 c:/st/stm32cubeide_1.4.0/stm32cubeide/plugins/com.st.stm32cube.ide.mcu.externaltools.gnu-tools-for-stm32.7-2018-q2-update.win32_1.4.0.202007081208/tools/bin/../lib/gcc/arm-none-eabi/7.3.1/../../../../arm-none-eabi/lib/thumb/v7e-m/fpv4-sp/hard\libc_nano.a(lib_a-lseekr.o)
 .ARM.attributes
                0x00000000000008fb       0x34 c:/st/stm32cubeide_1.4.0/stm32cubeide/plugins/com.st.stm32cube.ide.mcu.externaltools.gnu-tools-for-stm32.7-2018-q2-update.win32_1.4.0.202007081208/tools/bin/../lib/gcc/arm-none-eabi/7.3.1/../../../../arm-none-eabi/lib/thumb/v7e-m/fpv4-sp/hard\libc_nano.a(lib_a-mlock.o)
 .ARM.attributes
                0x000000000000092f       0x34 c:/st/stm32cubeide_1.4.0/stm32cubeide/plugins/com.st.stm32cube.ide.mcu.externaltools.gnu-tools-for-stm32.7-2018-q2-update.win32_1.4.0.202007081208/tools/bin/../lib/gcc/arm-none-eabi/7.3.1/../../../../arm-none-eabi/lib/thumb/v7e-m/fpv4-sp/hard\libc_nano.a(lib_a-readr.o)
 .ARM.attributes
                0x0000000000000963       0x34 c:/st/stm32cubeide_1.4.0/stm32cubeide/plugins/com.st.stm32cube.ide.mcu.externaltools.gnu-tools-for-stm32.7-2018-q2-update.win32_1.4.0.202007081208/tools/bin/../lib/gcc/arm-none-eabi/7.3.1/../../../../arm-none-eabi/lib/thumb/v7e-m/fpv4-sp/hard\libc_nano.a(lib_a-reent.o)
 .ARM.attributes
                0x0000000000000997       0x22 c:/st/stm32cubeide_1.4.0/stm32cubeide/plugins/com.st.stm32cube.ide.mcu.externaltools.gnu-tools-for-stm32.7-2018-q2-update.win32_1.4.0.202007081208/tools/bin/../lib/gcc/arm-none-eabi/7.3.1/thumb/v7e-m/fpv4-sp/hard\libgcc.a(_aeabi_uldivmod.o)
 .ARM.attributes
                0x00000000000009b9       0x34 c:/st/stm32cubeide_1.4.0/stm32cubeide/plugins/com.st.stm32cube.ide.mcu.externaltools.gnu-tools-for-stm32.7-2018-q2-update.win32_1.4.0.202007081208/tools/bin/../lib/gcc/arm-none-eabi/7.3.1/thumb/v7e-m/fpv4-sp/hard\libgcc.a(_udivmoddi4.o)
 .ARM.attributes
                0x00000000000009ed       0x22 c:/st/stm32cubeide_1.4.0/stm32cubeide/plugins/com.st.stm32cube.ide.mcu.externaltools.gnu-tools-for-stm32.7-2018-q2-update.win32_1.4.0.202007081208/tools/bin/../lib/gcc/arm-none-eabi/7.3.1/thumb/v7e-m/fpv4-sp/hard\libgcc.a(_dvmd_tls.o)
 .ARM.attributes
                0x0000000000000a0f       0x22 c:/st/stm32cubeide_1.4.0/stm32cubeide/plugins/com.st.stm32cube.ide.mcu.externaltools.gnu-tools-for-stm32.7-2018-q2-update.win32_1.4.0.202007081208/tools/bin/../lib/gcc/arm-none-eabi/7.3.1/thumb/v7e-m/fpv4-sp/hard/crtn.o
OUTPUT(Bootloader.elf elf32-littlearm)

.debug_info     0x0000000000000000    0x110fa
 .debug_info    0x0000000000000000     0x1c62 Core/Src/main.o
 .debug_info    0x0000000000001c62     0x140f Core/Src/ota_update.o
 .debug_info    0x0000000000003071     0x1227 Core/Src/stm32f4xx_hal_msp.o
 .debug_info    0x0000000000004298      0x20a Core/Src/stm32f4xx_it.o
 .debug_info    0x00000000000044a2      0xeb2 Core/Src/syscalls.o
 .debug_info    0x0000000000005354      0x985 Core/Src/sysmem.o
 .debug_info    0x0000000000005cd9      0x56e Core/Src/system_stm32f4xx.o
 .debug_info    0x0000000000006247       0x22 Core/Startup/startup_stm32f429zitx.o
 .debug_info    0x0000000000006269      0x9b9 Drivers/STM32F4xx_HAL_Driver/Src/stm32f4xx_hal.o
 .debug_info    0x0000000000006c22      0xfaf Drivers/STM32F4xx_HAL_Driver/Src/stm32f4xx_hal_can.o
 .debug_info    0x0000000000007bd1      0xe5e Drivers/STM32F4xx_HAL_Driver/Src/stm32f4xx_hal_cortex.o
 .debug_info    0x0000000000008a2f      0x622 Drivers/STM32F4xx_HAL_Driver/Src/stm32f4xx_hal_flash.o
 .debug_info    0x0000000000009051      0x933 Drivers/STM32F4xx_HAL_Driver/Src/stm32f4xx_hal_flash_ex.o
 .debug_info    0x0000000000009984      0x7de Drivers/STM32F4xx_HAL_Driver/Src/stm32f4xx_hal_gpio.o
 .debug_info    0x000000000000a162      0x7a9 Drivers/STM32F4xx_HAL_Driver/Src/stm32f4xx_hal_pwr.o
 .debug_info    0x000000000000a90b      0x747 Drivers/STM32F4xx_HAL_Driver/Src/stm32f4xx_hal_pwr_ex.o
 .debug_info    0x000000000000b052      0x91e Drivers/STM32F4xx_HAL_Driver/Src/stm32f4xx_hal_rcc.o
 .debug_info    0x000000000000b970      0x6bc Drivers/STM32F4xx_HAL_Driver/Src/stm32f4xx_hal_rcc_ex.o
 .debug_info    0x000000000000c02c      0xcd7 Drivers/STM32F4xx_HAL_Driver/Src/stm32f4xx_hal_rtc.o
 .debug_info    0x000000000000cd03      0xf1b Drivers/STM32F4xx_HAL_Driver/Src/stm32f4xx_hal_rtc_ex.o
 .debug_info    0x000000000000dc1e     0x34dc Drivers/STM32F4xx_HAL_Driver/Src/stm32f4xx_hal_uart.o

.debug_abbrev   0x0000000000000000     0x2817
 .debug_abbrev  0x0000000000000000      0x2ef Core/Src/main.o
 .debug_abbrev  0x00000000000002ef      0x2e1 Core/Src/ota_update.o
 .debug_abbrev  0x00000000000005d0      0x1d1 Core/Src/stm32f4xx_hal_msp.o
 .debug_abbrev  0x00000000000007a1       0xc6 Core/Src/stm32f4xx_it.o
 .debug_abbrev  0x0000000000000867      0x252 Core/Src/syscalls.o
 .debug_abbrev  0x0000000000000ab9      0x19b Core/Src/sysmem.o
 .debug_abbrev  0x0000000000000c54      0x12b Core/Src/system_stm32f4xx.o
 .debug_abbrev  0x0000000000000d7f       0x12 Core/Startup/startup_stm32f429zitx.o
 .debug_abbrev  0x0000000000000d91      0x1c7 Drivers/STM32F4xx_HAL_Driver/Src/stm32f4xx_hal.o
 .debug_abbrev  0x0000000000000f58      0x21d Drivers/STM32F4xx_HAL_Driver/Src/stm32f4xx_hal_can.o
 .debug_abbrev  0x0000000000001175      0x2fa Drivers/STM32F4xx_HAL_Driver/Src/stm32f4xx_hal_cortex.o
 .debug_abbrev  0x000000000000146f      0x248 Drivers/STM32F4xx_HAL_Driver/Src/stm32f4xx_hal_flash.o
 .debug_abbrev  0x00000000000016b7      0x256 Drivers/STM32F4xx_HAL_Driver/Src/stm32f4xx_hal_flash_ex.o
 .debug_abbrev  0x000000000000190d      0x1c9 Drivers/STM32F4xx_HAL_Driver/Src/stm32f4xx_hal_gpio.o
 .debug_abbrev  0x0000000000001ad6      0x196 Drivers/STM32F4xx_HAL_Driver/Src/stm32f4xx_hal_pwr.o
 .debug_abbrev  0x0000000000001c6c      0x1b8 Drivers/STM32F4xx_HAL_Driver/Src/stm32f4xx_hal_pwr_ex.o
 .debug_abbrev  0x0000000000001e24      0x245 Drivers/STM32F4xx_HAL_Driver/Src/stm32f4xx_hal_rcc.o
 .debug_abbrev  0x0000000000002069      0x173 Drivers/STM32F4xx_HAL_Driver/Src/stm32f4xx_hal_rcc_ex.o
 .debug_abbrev  0x00000000000021dc      0x1c4 Drivers/STM32F4xx_HAL_Driver/Src/stm32f4xx_hal_rtc.o
 .debug_abbrev  0x00000000000023a0      0x1c4 Drivers/STM32F4xx_HAL_Driver/Src/stm32f4xx_hal_rtc_ex.o
 .debug_abbrev  0x0000000000002564      0x2b3 Drivers/STM32F4xx_HAL_Driver/Src/stm32f4xx_hal_uart.o

.debug_aranges  0x0000000000000000      0xde0
 .debug_aranges
                0x0000000000000000       0x60 Core/Src/main.o
 .debug_aranges
                0x0000000000000060       0xa0 Core/Src/ota_update.o
 .debug_aranges
                0x0000000000000100       0x50 Core/Src/stm32f4xx_hal_msp.o
 .debug_aranges
                0x0000000000000150       0x60 Core/Src/stm32f4xx_it.o
 .debug_aranges
                0x00000000000001b0       0xa8 Core/Src/syscalls.o
 .debug_aranges
                0x0000000000000258       0x20 Core/Src/sysmem.o
 .debug_aranges
                0x0000000000000278       0x28 Core/Src/system_stm32f4xx.o
 .debug_aranges
                0x00000000000002a0       0x28 Core/Startup/startup_stm32f429zitx.o
 .debug_aranges
                0x00000000000002c8      0x100 Drivers/STM32F4xx_HAL_Driver/Src/stm32f4xx_hal.o
 .debug_aranges
                0x00000000000003c8      0x138 Drivers/STM32F4xx_HAL_Driver/Src/stm32f4xx_hal_can.o
 .debug_aranges
                0x0000000000000500      0x118 Drivers/STM32F4xx_HAL_Driver/Src/stm32f4xx_hal_cortex.o
 .debug_aranges
                0x0000000000000618       0xa0 Drivers/STM32F4xx_HAL_Driver/Src/stm32f4xx_hal_flash.o
 .debug_aranges
                0x00000000000006b8       0xd8 Drivers/STM32F4xx_HAL_Driver/Src/stm32f4xx_hal_flash_ex.o
 .debug_aranges
                0x0000000000000790       0x58 Drivers/STM32F4xx_HAL_Driver/Src/stm32f4xx_hal_gpio.o
 .debug_aranges
                0x00000000000007e8       0xa0 Drivers/STM32F4xx_HAL_Driver/Src/stm32f4xx_hal_pwr.o
 .debug_aranges
                0x0000000000000888       0x60 Drivers/STM32F4xx_HAL_Driver/Src/stm32f4xx_hal_pwr_ex.o
 .debug_aranges
                0x00000000000008e8       0x88 Drivers/STM32F4xx_HAL_Driver/Src/stm32f4xx_hal_rcc.o
 .debug_aranges
                0x0000000000000970       0x58 Drivers/STM32F4xx_HAL_Driver/Src/stm32f4xx_hal_rcc_ex.o
 .debug_aranges
                0x00000000000009c8       0xe8 Drivers/STM32F4xx_HAL_Driver/Src/stm32f4xx_hal_rtc.o
 .debug_aranges
                0x0000000000000ab0      0x130 Drivers/STM32F4xx_HAL_Driver/Src/stm32f4xx_hal_rtc_ex.o
 .debug_aranges
                0x0000000000000be0      0x200 Drivers/STM32F4xx_HAL_Driver/Src/stm32f4xx_hal_uart.o

.debug_ranges   0x0000000000000000      0xcc8
 .debug_ranges  0x0000000000000000       0x50 Core/Src/main.o
 .debug_ranges  0x0000000000000050       0x90 Core/Src/ota_update.o
 .debug_ranges  0x00000000000000e0       0x40 Core/Src/stm32f4xx_hal_msp.o
 .debug_ranges  0x0000000000000120       0x50 Core/Src/stm32f4xx_it.o
 .debug_ranges  0x0000000000000170       0x98 Core/Src/syscalls.o
 .debug_ranges  0x0000000000000208       0x10 Core/Src/sysmem.o
 .debug_ranges  0x0000000000000218       0x18 Core/Src/system_stm32f4xx.o
 .debug_ranges  0x0000000000000230       0x20 Core/Startup/startup_stm32f429zitx.o
 .debug_ranges  0x0000000000000250       0xf0 Drivers/STM32F4xx_HAL_Driver/Src/stm32f4xx_hal.o
 .debug_ranges  0x0000000000000340      0x128 Drivers/STM32F4xx_HAL_Driver/Src/stm32f4xx_hal_can.o
 .debug_ranges  0x0000000000000468      0x108 Drivers/STM32F4xx_HAL_Driver/Src/stm32f4xx_hal_cortex.o
 .debug_ranges  0x0000000000000570       0x90 Drivers/STM32F4xx_HAL_Driver/Src/stm32f4xx_hal_flash.o
 .debug_ranges  0x0000000000000600       0xc8 Drivers/STM32F4xx_HAL_Driver/Src/stm32f4xx_hal_flash_ex.o
 .debug_ranges  0x00000000000006c8       0x48 Drivers/STM32F4xx_HAL_Driver/Src/stm32f4xx_hal_gpio.o
 .debug_ranges  0x0000000000000710       0x90 Drivers/STM32F4xx_HAL_Driver/Src/stm32f4xx_hal_pwr.o
 .debug_ranges  0x00000000000007a0       0x50 Drivers/STM32F4xx_HAL_Driver/Src/stm32f4xx_hal_pwr_ex.o
 .debug_ranges  0x00000000000007f0       0x78 Drivers/STM32F4xx_HAL_Driver/Src/stm32f4xx_hal_rcc.o
 .debug_ranges  0x0000000000000868       0x48 Drivers/STM32F4xx_HAL_Driver/Src/stm32f4xx_hal_rcc_ex.o
 .debug_ranges  0x00000000000008b0       0xd8 Drivers/STM32F4xx_HAL_Driver/Src/stm32f4xx_hal_rtc.o
 .debug_ranges  0x0000000000000988      0x120 Drivers/STM32F4xx_HAL_Driver/Src/stm32f4xx_hal_rtc_ex.o
 .debug_ranges  0x0000000000000aa8      0x220 Drivers/STM32F4xx_HAL_Driver/Src/stm32f4xx_hal_uart.o

.debug_macro    0x0000000000000000    0x25493
 .debug_macro   0x0000000000000000      0x350 Core/Src/main.o
 .debug_macro   0x0000000000000350      0xa5a Core/Src/main.o
 .debug_macro   0x0000000000000daa      0x2a1 Core/Src/main.o
 .debug_macro   0x000000000000104b       0x2e Core/Src/main.o
 .debug_macro   0x0000000000001079       0x28 Core/Src/main.o
 .debug_macro   0x00000000000010a1       0x22 Core/Src/main.o
 .debug_macro   0x00000000000010c3       0x8e Core/Src/main.o
 .debug_macro   0x0000000000001151       0x51 Core/Src/main.o
 .debug_macro   0x00000000000011a2       0xef Core/Src/main.o
 .debug_macro   0x0000000000001291       0x6a Core/Src/main.o
 .debug_macro   0x00000000000012fb      0x1df Core/Src/main.o
 .debug_macro   0x00000000000014da       0x1c Core/Src/main.o
 .debug_macro   0x00000000000014f6       0x22 Core/Src/main.o
 .debug_macro   0x0000000000001518       0xdf Core/Src/main.o
 .debug_macro   0x00000000000015f7     0x102d Core/Src/main.o
 .debug_macro   0x0000000000002624      0x11f Core/Src/main.o
 .debug_macro   0x0000000000002743    0x17fc0 Core/Src/main.o
 .debug_macro   0x000000000001a703       0x6d Core/Src/main.o
 .debug_macro   0x000000000001a770     0x36f5 Core/Src/main.o
 .debug_macro   0x000000000001de65      0x174 Core/Src/main.o
 .debug_macro   0x000000000001dfd9       0x5c Core/Src/main.o
 .debug_macro   0x000000000001e035      0xca5 Core/Src/main.o
 .debug_macro   0x000000000001ecda      0x9fe Core/Src/main.o
 .debug_macro   0x000000000001f6d8      0x115 Core/Src/main.o
 .debug_macro   0x000000000001f7ed      0x156 Core/Src/main.o
 .debug_macro   0x000000000001f943       0xa5 Core/Src/main.o
 .debug_macro   0x000000000001f9e8      0x182 Core/Src/main.o
 .debug_macro   0x000000000001fb6a      0x287 Core/Src/main.o
 .debug_macro   0x000000000001fdf1       0x5f Core/Src/main.o
 .debug_macro   0x000000000001fe50      0x236 Core/Src/main.o
 .debug_macro   0x0000000000020086      0x40f Core/Src/main.o
 .debug_macro   0x0000000000020495      0x132 Core/Src/main.o
 .debug_macro   0x00000000000205c7      0x41d Core/Src/main.o
 .debug_macro   0x00000000000209e4       0x2e Core/Src/main.o
 .debug_macro   0x0000000000020a12      0x11a Core/Src/main.o
 .debug_macro   0x0000000000020b2c       0xe2 Core/Src/main.o
 .debug_macro   0x0000000000020c0e       0x89 Core/Src/main.o
 .debug_macro   0x0000000000020c97      0x305 Core/Src/main.o
 .debug_macro   0x0000000000020f9c      0x452 Core/Src/main.o
 .debug_macro   0x00000000000213ee       0xe4 Core/Src/main.o
 .debug_macro   0x00000000000214d2      0x295 Core/Src/main.o
 .debug_macro   0x0000000000021767      0x134 Core/Src/main.o
 .debug_macro   0x000000000002189b       0x46 Core/Src/main.o
 .debug_macro   0x00000000000218e1       0x18 Core/Src/main.o
 .debug_macro   0x00000000000218f9       0x3c Core/Src/main.o
 .debug_macro   0x0000000000021935       0x34 Core/Src/main.o
 .debug_macro   0x0000000000021969       0x16 Core/Src/main.o
 .debug_macro   0x000000000002197f       0x35 Core/Src/main.o
 .debug_macro   0x00000000000219b4      0x32a Core/Src/main.o
 .debug_macro   0x0000000000021cde       0x10 Core/Src/main.o
 .debug_macro   0x0000000000021cee       0x52 Core/Src/main.o
 .debug_macro   0x0000000000021d40       0x1f Core/Src/main.o
 .debug_macro   0x0000000000021d5f       0x43 Core/Src/main.o
 .debug_macro   0x0000000000021da2       0x20 Core/Src/main.o
 .debug_macro   0x0000000000021dc2      0x1a3 Core/Src/main.o
 .debug_macro   0x0000000000021f65       0x10 Core/Src/main.o
 .debug_macro   0x0000000000021f75       0x1c Core/Src/main.o
 .debug_macro   0x0000000000021f91       0x52 Core/Src/main.o
 .debug_macro   0x0000000000021fe3       0x40 Core/Src/main.o
 .debug_macro   0x0000000000022023       0x10 Core/Src/main.o
 .debug_macro   0x0000000000022033       0x40 Core/Src/main.o
 .debug_macro   0x0000000000022073       0xd7 Core/Src/main.o
 .debug_macro   0x000000000002214a       0x1c Core/Src/main.o
 .debug_macro   0x0000000000022166       0x3d Core/Src/main.o
 .debug_macro   0x00000000000221a3       0x16 Core/Src/main.o
 .debug_macro   0x00000000000221b9      0x145 Core/Src/main.o
 .debug_macro   0x00000000000222fe       0x88 Core/Src/main.o
 .debug_macro   0x0000000000022386      0x1f6 Core/Src/ota_update.o
 .debug_macro   0x000000000002257c      0x1e7 Core/Src/stm32f4xx_hal_msp.o
 .debug_macro   0x0000000000022763      0x1f1 Core/Src/stm32f4xx_it.o
 .debug_macro   0x0000000000022954      0x243 Core/Src/syscalls.o
 .debug_macro   0x0000000000022b97       0x40 Core/Src/syscalls.o
 .debug_macro   0x0000000000022bd7       0x94 Core/Src/syscalls.o
 .debug_macro   0x0000000000022c6b       0x57 Core/Src/syscalls.o
 .debug_macro   0x0000000000022cc2      0x330 Core/Src/syscalls.o
 .debug_macro   0x0000000000022ff2       0x10 Core/Src/syscalls.o
 .debug_macro   0x0000000000023002       0x10 Core/Src/syscalls.o
 .debug_macro   0x0000000000023012       0x10 Core/Src/syscalls.o
 .debug_macro   0x0000000000023022       0x35 Core/Src/syscalls.o
 .debug_macro   0x0000000000023057      0x122 Core/Src/syscalls.o
 .debug_macro   0x0000000000023179       0x16 Core/Src/syscalls.o
 .debug_macro   0x000000000002318f       0x16 Core/Src/syscalls.o
 .debug_macro   0x00000000000231a5       0x29 Core/Src/syscalls.o
 .debug_macro   0x00000000000231ce       0x10 Core/Src/syscalls.o
 .debug_macro   0x00000000000231de      0x241 Core/Src/syscalls.o
 .debug_macro   0x000000000002341f       0x1c Core/Src/syscalls.o
 .debug_macro   0x000000000002343b       0x10 Core/Src/syscalls.o
 .debug_macro   0x000000000002344b      0x189 Core/Src/syscalls.o
 .debug_macro   0x00000000000235d4       0x16 Core/Src/syscalls.o
 .debug_macro   0x00000000000235ea       0x88 Core/Src/syscalls.o
 .debug_macro   0x0000000000023672       0xee Core/Src/sysmem.o
 .debug_macro   0x0000000000023760      0x23b Core/Src/sysmem.o
 .debug_macro   0x000000000002399b      0x1ef Core/Src/system_stm32f4xx.o
 .debug_macro   0x0000000000023b8a      0x23d Drivers/STM32F4xx_HAL_Driver/Src/stm32f4xx_hal.o
 .debug_macro   0x0000000000023dc7      0x1e5 Drivers/STM32F4xx_HAL_Driver/Src/stm32f4xx_hal_can.o
 .debug_macro   0x0000000000023fac      0x1dd Drivers/STM32F4xx_HAL_Driver/Src/stm32f4xx_hal_cortex.o
 .debug_macro   0x0000000000024189      0x1e3 Drivers/STM32F4xx_HAL_Driver/Src/stm32f4xx_hal_flash.o
 .debug_macro   0x000000000002436c      0x1e3 Drivers/STM32F4xx_HAL_Driver/Src/stm32f4xx_hal_flash_ex.o
 .debug_macro   0x000000000002454f      0x1e3 Drivers/STM32F4xx_HAL_Driver/Src/stm32f4xx_hal_gpio.o
 .debug_macro   0x0000000000024732      0x1f5 Drivers/STM32F4xx_HAL_Driver/Src/stm32f4xx_hal_pwr.o
 .debug_macro   0x0000000000024927      0x1f5 Drivers/STM32F4xx_HAL_Driver/Src/stm32f4xx_hal_pwr_ex.o
 .debug_macro   0x0000000000024b1c      0x201 Drivers/STM32F4xx_HAL_Driver/Src/stm32f4xx_hal_rcc.o
 .debug_macro   0x0000000000024d1d      0x1dd Drivers/STM32F4xx_HAL_Driver/Src/stm32f4xx_hal_rcc_ex.o
 .debug_macro   0x0000000000024efa      0x1de Drivers/STM32F4xx_HAL_Driver/Src/stm32f4xx_hal_rtc.o
 .debug_macro   0x00000000000250d8      0x1dd Drivers/STM32F4xx_HAL_Driver/Src/stm32f4xx_hal_rtc_ex.o
 .debug_macro   0x00000000000252b5      0x1de Drivers/STM32F4xx_HAL_Driver/Src/stm32f4xx_hal_uart.o

.debug_line     0x0000000000000000     0xc793
 .debug_line    0x0000000000000000      0x9c0 Core/Src/main.o
 .debug_line    0x00000000000009c0      0x926 Core/Src/ota_update.o
 .debug_line    0x00000000000012e6      0x760 Core/Src/stm32f4xx_hal_msp.o
 .debug_line    0x0000000000001a46      0x780 Core/Src/stm32f4xx_it.o
 .debug_line    0x00000000000021c6      0x73e Core/Src/syscalls.o
 .debug_line    0x0000000000002904      0x4c7 Core/Src/sysmem.o
 .debug_line    0x0000000000002dcb      0x6f3 Core/Src/system_stm32f4xx.o
 .debug_line    0x00000000000034be       0x88 Core/Startup/startup_stm32f429zitx.o
 .debug_line    0x0000000000003546      0x901 Drivers/STM32F4xx_HAL_Driver/Src/stm32f4xx_hal.o
 .debug_line    0x0000000000003e47      0xb86 Drivers/STM32F4xx_HAL_Driver/Src/stm32f4xx_hal_can.o
 .debug_line    0x00000000000049cd      0xa01 Drivers/STM32F4xx_HAL_Driver/Src/stm32f4xx_hal_cortex.o
 .debug_line    0x00000000000053ce      0x8c4 Drivers/STM32F4xx_HAL_Driver/Src/stm32f4xx_hal_flash.o
 .debug_line    0x0000000000005c92      0x9c9 Drivers/STM32F4xx_HAL_Driver/Src/stm32f4xx_hal_flash_ex.o
 .debug_line    0x000000000000665b      0x8d2 Drivers/STM32F4xx_HAL_Driver/Src/stm32f4xx_hal_gpio.o
 .debug_line    0x0000000000006f2d      0x828 Drivers/STM32F4xx_HAL_Driver/Src/stm32f4xx_hal_pwr.o
 .debug_line    0x0000000000007755      0x7cf Drivers/STM32F4xx_HAL_Driver/Src/stm32f4xx_hal_pwr_ex.o
 .debug_line    0x0000000000007f24      0x939 Drivers/STM32F4xx_HAL_Driver/Src/stm32f4xx_hal_rcc.o
 .debug_line    0x000000000000885d      0x87c Drivers/STM32F4xx_HAL_Driver/Src/stm32f4xx_hal_rcc_ex.o
 .debug_line    0x00000000000090d9      0xad7 Drivers/STM32F4xx_HAL_Driver/Src/stm32f4xx_hal_rtc.o
 .debug_line    0x0000000000009bb0      0xddb Drivers/STM32F4xx_HAL_Driver/Src/stm32f4xx_hal_rtc_ex.o
 .debug_line    0x000000000000a98b     0x1e08 Drivers/STM32F4xx_HAL_Driver/Src/stm32f4xx_hal_uart.o

.debug_str      0x0000000000000000    0xdc6db
 .debug_str     0x0000000000000000    0xd7db5 Core/Src/main.o
                                      0xd8178 (size before relaxing)
 .debug_str     0x00000000000d7db5      0x3bd Core/Src/ota_update.o
                                      0xd410b (size before relaxing)
 .debug_str     0x00000000000d8172      0x179 Core/Src/stm32f4xx_hal_msp.o
                                      0xd3d11 (size before relaxing)
 .debug_str     0x00000000000d82eb       0xbd Core/Src/stm32f4xx_it.o
                                      0xd325b (size before relaxing)
 .debug_str     0x00000000000d83a8     0x11ee Core/Src/syscalls.o
                                       0x8889 (size before relaxing)
 .debug_str     0x00000000000d9596       0x6b Core/Src/sysmem.o
                                       0x5f61 (size before relaxing)
 .debug_str     0x00000000000d9601      0x103 Core/Src/system_stm32f4xx.o
                                      0xd33a6 (size before relaxing)
 .debug_str     0x00000000000d9704       0x36 Core/Startup/startup_stm32f429zitx.o
                                         0x6e (size before relaxing)
 .debug_str     0x00000000000d973a      0xaf0 Drivers/STM32F4xx_HAL_Driver/Src/stm32f4xx_hal.o
                                      0xd3ed3 (size before relaxing)
 .debug_str     0x00000000000da22a      0x478 Drivers/STM32F4xx_HAL_Driver/Src/stm32f4xx_hal_can.o
                                      0xd3a4b (size before relaxing)
 .debug_str     0x00000000000da6a2      0x394 Drivers/STM32F4xx_HAL_Driver/Src/stm32f4xx_hal_cortex.o
                                      0xd3c74 (size before relaxing)
 .debug_str     0x00000000000daa36      0x2a4 Drivers/STM32F4xx_HAL_Driver/Src/stm32f4xx_hal_flash.o
                                      0xd352a (size before relaxing)
 .debug_str     0x00000000000dacda      0x2f8 Drivers/STM32F4xx_HAL_Driver/Src/stm32f4xx_hal_flash_ex.o
                                      0xd36c7 (size before relaxing)
 .debug_str     0x00000000000dafd2      0x13c Drivers/STM32F4xx_HAL_Driver/Src/stm32f4xx_hal_gpio.o
                                      0xd34f9 (size before relaxing)
 .debug_str     0x00000000000db10e      0x268 Drivers/STM32F4xx_HAL_Driver/Src/stm32f4xx_hal_pwr.o
                                      0xd35b4 (size before relaxing)
 .debug_str     0x00000000000db376      0x121 Drivers/STM32F4xx_HAL_Driver/Src/stm32f4xx_hal_pwr_ex.o
                                      0xd354a (size before relaxing)
 .debug_str     0x00000000000db497      0x24e Drivers/STM32F4xx_HAL_Driver/Src/stm32f4xx_hal_rcc.o
                                      0xd3754 (size before relaxing)
 .debug_str     0x00000000000db6e5      0x145 Drivers/STM32F4xx_HAL_Driver/Src/stm32f4xx_hal_rcc_ex.o
                                      0xd3545 (size before relaxing)
 .debug_str     0x00000000000db82a      0x321 Drivers/STM32F4xx_HAL_Driver/Src/stm32f4xx_hal_rtc.o
                                      0xd379b (size before relaxing)
 .debug_str     0x00000000000dbb4b      0x57b Drivers/STM32F4xx_HAL_Driver/Src/stm32f4xx_hal_rtc_ex.o
                                      0xd3a4c (size before relaxing)
 .debug_str     0x00000000000dc0c6      0x615 Drivers/STM32F4xx_HAL_Driver/Src/stm32f4xx_hal_uart.o
                                      0xd3cc7 (size before relaxing)

.comment        0x0000000000000000       0x7b
 .comment       0x0000000000000000       0x7b Core/Src/main.o
                                         0x7c (size before relaxing)
 .comment       0x000000000000007b       0x7c Core/Src/ota_update.o
 .comment       0x000000000000007b       0x7c Core/Src/stm32f4xx_hal_msp.o
 .comment       0x000000000000007b       0x7c Core/Src/stm32f4xx_it.o
 .comment       0x000000000000007b       0x7c Core/Src/syscalls.o
 .comment       0x000000000000007b       0x7c Core/Src/sysmem.o
 .comment       0x000000000000007b       0x7c Core/Src/system_stm32f4xx.o
 .comment       0x000000000000007b       0x7c Drivers/STM32F4xx_HAL_Driver/Src/stm32f4xx_hal.o
 .comment       0x000000000000007b       0x7c Drivers/STM32F4xx_HAL_Driver/Src/stm32f4xx_hal_can.o
 .comment       0x000000000000007b       0x7c Drivers/STM32F4xx_HAL_Driver/Src/stm32f4xx_hal_cortex.o
 .comment       0x000000000000007b       0x7c Drivers/STM32F4xx_HAL_Driver/Src/stm32f4xx_hal_flash.o
 .comment       0x000000000000007b       0x7c Drivers/STM32F4xx_HAL_Driver/Src/stm32f4xx_hal_flash_ex.o
 .comment       0x000000000000007b       0x7c Drivers/STM32F4xx_HAL_Driver/Src/stm32f4xx_hal_gpio.o
 .comment       0x000000000000007b       0x7c Drivers/STM32F4xx_HAL_Driver/Src/stm32f4xx_hal_pwr.o
 .comment       0x000000000000007b       0x7c Drivers/STM32F4xx_HAL_Driver/Src/stm32f4xx_hal_pwr_ex.o
 .comment       0x000000000000007b       0x7c Drivers/STM32F4xx_HAL_Driver/Src/stm32f4xx_hal_rcc.o
 .comment       0x000000000000007b       0x7c Drivers/STM32F4xx_HAL_Driver/Src/stm32f4xx_hal_rcc_ex.o
 .comment       0x000000000000007b       0x7c Drivers/STM32F4xx_HAL_Driver/Src/stm32f4xx_hal_rtc.o
 .comment       0x000000000000007b       0x7c Drivers/STM32F4xx_HAL_Driver/Src/stm32f4xx_hal_rtc_ex.o
 .comment       0x000000000000007b       0x7c Drivers/STM32F4xx_HAL_Driver/Src/stm32f4xx_hal_uart.o

.debug_frame    0x0000000000000000     0x3db0
 .debug_frame   0x0000000000000000      0x130 Core/Src/main.o
 .debug_frame   0x0000000000000130      0x278 Core/Src/ota_update.o
 .debug_frame   0x00000000000003a8      0x114 Core/Src/stm32f4xx_hal_msp.o
 .debug_frame   0x00000000000004bc      0x104 Core/Src/stm32f4xx_it.o
 .debug_frame   0x00000000000005c0      0x2ac Core/Src/syscalls.o
 .debug_frame   0x000000000000086c       0x34 Core/Src/sysmem.o
 .debug_frame   0x00000000000008a0       0x58 Core/Src/system_stm32f4xx.o
 .debug_frame   0x00000000000008f8      0x3b4 Drivers/STM32F4xx_HAL_Driver/Src/stm32f4xx_hal.o
 .debug_frame   0x0000000000000cac      0x5a0 Drivers/STM32F4xx_HAL_Driver/Src/stm32f4xx_hal_can.o
 .debug_frame   0x000000000000124c      0x498 Drivers/STM32F4xx_HAL_Driver/Src/stm32f4xx_hal_cortex.o
 .debug_frame   0x00000000000016e4      0x274 Drivers/STM32F4xx_HAL_Driver/Src/stm32f4xx_hal_flash.o
 .debug_frame   0x0000000000001958      0x378 Drivers/STM32F4xx_HAL_Driver/Src/stm32f4xx_hal_flash_ex.o
 .debug_frame   0x0000000000001cd0      0x14c Drivers/STM32F4xx_HAL_Driver/Src/stm32f4xx_hal_gpio.o